******************************************************************************
                  TI ARM Linker PC v16.9.6                     
******************************************************************************
>> Linked Tue Aug 01 10:32:29 2023

OUTPUT FILE NAME:   <out_of_box_6843_aop.xer4f>
ENTRY POINT SYMBOL: "_c_int00"  address: 0001f518


MEMORY CONFIGURATION

         name            origin    length      used     unused   attr    fill
----------------------  --------  ---------  --------  --------  ----  --------
PAGE 0:
  VECTORS               00000000   00000100  0000003c  000000c4     X
  PROG_RAM              00000100   0007ff00  00027886  0005867a  R  X
  DATA_RAM              08000000   00030000  00022b5c  0000d4a4  RW  
  L3_RAM                51000000   000c0000  000c0000  00000000  RW  
  HWA_RAM               52030000   00010000  00000000  00010000  RW  
  HS_RAM                52080000   00008000  00000000  00008000  RW  

PAGE 1:
  L3_RAM                51000000   000c0000  00000000  000c0000  RW  


SEGMENT ALLOCATION MAP

run origin  load origin   length   init length attrs members
----------  ----------- ---------- ----------- ----- -------
00000000    00000000    0000003c   0000003c    r--
  00000000    00000000    0000003c   0000003c    r-- .vecs
00000100    00000100    00027890   00027890    r-x
  00000100    00000100    00026112   00026112    r-x .text
  00026218    00026218    000011a4   000011a4    r-- .const
  000273c0    000273c0    000005d0   000005d0    r-- .cinit
08000000    08000000    00022b60   00000000    rw-
  08000000    08000000    00010000   00000000    rw- systemHeap
  08010000    08010000    0000c400   00000000    rw- .DPC_objDetTcmbHeap
  0801c400    0801c400    00003a50   00000000    rw- .bss
  0801fe50    0801fe50    0000205c   00000000    rw- .data
  08021eb0    08021eb0    00000800   00000000    rw- .myFiqStack
  080226b0    080226b0    000004b0   00000000    rw- .stack
51000000    51000000    000c0000   00000000    rw-
  51000000    51000000    000c0000   00000000    rw- .l3ram


SECTION ALLOCATION MAP

 output                                  attributes/
section   page    origin      length       input sections
--------  ----  ----------  ----------   ----------------
.vecs      0    00000000    0000003c     
                  00000000    0000003c     mmw_per4ft.oer4ft (.vecs)

.text      0    00000100    00026112     
                  00000100    0000107a     rtsv7R4_T_le_v3D16_eabi.lib : _printfi.obj (.text)
                  0000117a    00000002     libadcbuf_xwr68xx.aer4f : adcbuf_mmwave.oer4f (.text:ADCBUF_MMWave_init)
                  0000117c    00000898     rtsv7R4_T_le_v3D16_eabi.lib : _scanfi.obj (.text)
                  00001a14    000007c5     main.oer4f (.text:MmwDemo_dataPathConfig)
                  000021d9    00000001     --HOLE-- [fill = 0]
                  000021da    00000002     libhwa_xwr68xx.aer4f : hwa.oer4f (.text:HWA_init)
                  000021dc    0000069e     mmw_cli.oer4f (.text:MmwDemo_CLIInit)
                  0000287a    00000002     libmmwave_xwr68xx.aer4f : mmwave_link.oer4f (.text:MMWave_maskHostIRQ)
                  0000287c    00000670     libdopplerproc_hwa_xwr68xx.aer4f : dopplerprochwa.oer4f (.text:DPU_DopplerProcHWA_config)
                  00002eec    00000658     libhwa_xwr68xx.aer4f : hwa.oer4f (.text:HWA_configParamSet)
                  00003544    000005fc     rtsv7R4_T_le_v3D16_eabi.lib : k_rem_pio2.obj (.text)
                  00003b40    000005bd     objectdetection.oer4f (.text:DPC_ObjectDetection_ioctl)
                  000040fd    00000001     --HOLE-- [fill = 0]
                  000040fe    000005b4     libaoa2dproc_hwa_xwr68xx.aer4f : aoa2dprochwa.oer4f (.text:AoAProcHWA_config_HWA)
                  000046b2    00000002     libqspiflash_xwr68xx.aer4f : qspiflash.oer4f (.text:QSPIFlash_init)
                  000046b4    00000578     main.oer4f (.text:MmwDemo_initTask)
                  00004c2c    00000576     libaoa2dproc_hwa_xwr68xx.aer4f : aoa2dprochwa.oer4f (.text:AoAProcHWA_config_EDMA)
                  000051a2    00000002     libqspi_xwr68xx.aer4f : qspi.oer4f (.text:QSPI_init)
                  000051a4    00000564     librangeproc_hwa_xwr68xx.aer4f : rangeprochwa.oer4f (.text:DPU_RangeProcHWA_process)
                  00005708    00000508     mmwdemo_rfparser.oer4f (.text:MmwDemo_RFParser_parseCtrlConfig)
                  00005c10    000004ed     main.oer4f (.text:MmwDemo_openSensor)
                  000060fd    00000001     --HOLE-- [fill = 0]
                  000060fe    00000002     libuart_xwr68xx.aer4f : uartsci.oer4f (.text:UartSci_init)
                  00006100    000004e1     sysbios.aer4ft : BIOS.obj (.text:xdc_runtime_System_doPrint__I)
                  000065e1    00000001     --HOLE-- [fill = 0]
                  000065e2    00000002     rtsv7R4_T_le_v3D16_eabi.lib : i_div0.obj (.text)
                  000065e4    000004a8     libadcbuf_xwr68xx.aer4f : adcbuf_mmwave.oer4f (.text:ADCBUF_MMWave_control)
                  00006a8c    0000044c     objectdetection.oer4f (.text:DPC_ObjDet_rangeBiasRxChPhaseMeasure)
                  00006ed8    0000043c     librangeproc_hwa_xwr68xx.aer4f : rangeprochwa.oer4f (.text:DPU_RangeProcHWA_config)
                  00007314    00000410     libcli_xwr68xx.aer4f : cli_mmwave.oer4f (.text:CLI_MMWaveVersion)
                  00007724    00000401     mmw_cli.oer4f (.text:MmwDemo_CLISensorStart)
                  00007b25    00000001     --HOLE-- [fill = 0]
                  00007b26    00000002     mmw_per4ft.oer4ft (.text:ti_sysbios_BIOS_nullFunc__I)
                  00007b28    000003f4     libaoa2dproc_hwa_xwr68xx.aer4f : aoa2dprochwa.oer4f (.text:DPU_AoAProcHWA_process)
                  00007f1c    000003f4     rtsv7R4_T_le_v3D16_eabi.lib : s_cos.obj (.text)
                  00008310    000003f4                                 : s_sin.obj (.text)
                  00008704    00000314     libsoc_xwr68xx.aer4f : soc_xwr68xx_mss.oer4f (.text:SOC_deviceInit)
                  00008a18    00000304     librangeproc_hwa_xwr68xx.aer4f : rangeprochwa.oer4f (.text:rangeProcHWA_ConfigEDMA_DataOut_nonInterleave)
                  00008d1c    000002f8     libcbuff_xwr68xx.aer4f : cbuff.oer4f (.text:CBUFF_createSession)
                  00009014    0000000c     libedma_xwr68xx.aer4f : edma_low_level.oer4f (.text:EDMA3ChannelToParamMap)
                  00009020    000002f4     sysbios.aer4ft : BIOS.obj (.text:ti_sysbios_knl_Semaphore_pend__E)
                  00009314    000002d4     objectdetection.oer4f (.text:DPC_ObjDet_AoAconfig)
                  000095e8    000002cc     main.oer4f (.text:MmwDemo_DPC_ObjectDetection_dpmTask)
                  000098b4    0000000c     libedma_xwr68xx.aer4f : edma_low_level.oer4f (.text:EDMAsetRegion)
                  000098c0    000002cc     sysbios.aer4ft : BIOS.obj (.text:ti_sysbios_knl_Task_Instance_finalize__E)
                  00009b8c    000002c4     libhwa_xwr68xx.aer4f : hwa.oer4f (.text:HWA_configCommon)
                  00009e50    000002c0     main.oer4f (.text:MmwDemo_DPC_ObjectDetection_reportFxn)
                  0000a110    000002b8     libaoa2dproc_hwa_xwr68xx.aer4f : aoa2dprochwa.oer4f (.text:AoAProcHWA_dopplerCompensation)
                  0000a3c8    000002b8     rtsv7R4_T_le_v3D16_eabi.lib : ull_div32.obj (.text)
                  0000a680    000002b0     libdma_xwr68xx.aer4f : dma.oer4f (.text:DMA_open)
                  0000a930    000002a4     sysbios.aer4ft : BIOS.obj (.text:ti_sysbios_heaps_HeapMem_freeUnprotected__E)
                  0000abd4    00000294     objectdetection.oer4f (.text:DPC_ObjectDetection_execute)
                  0000ae68    00000284     libmmwave_xwr68xx.aer4f : mmwave_dualcore.oer4f (.text:MMWave_deviceExecuteFxn)
                  0000b0ec    00000284     main.oer4f (.text:MmwDemo_processPendingDynamicCfgCommands)
                  0000b370    00000280     libhsiheader_xwr68xx.aer4f : hsiheader.oer4f (.text:HSIHeader_createHeader)
                  0000b5f0    00000280     sysbios.aer4ft : BIOS.obj (.text:ti_sysbios_family_arm_exc_Exception_excDumpContext__I)
                  0000b870    0000026c     libqspiflash_xwr68xx.aer4f : qspiflash.oer4f (.text:QSPIFlash_open)
                  0000badc    00000264     libcbuff_xwr68xx.aer4f : cbuff.oer4f (.text:CBUFF_init)
                  0000bd40    00000260     libmailbox_xwr68xx.aer4f : mailbox.oer4f (.text:Mailbox_open)
                  0000bfa0    00000258     main.oer4f (.text:MmwDemo_sensorStopEpilog)
                  0000c1f8    00000254     libcli_xwr68xx.aer4f : cli_mmwave.oer4f (.text:CLI_MMWaveProfileCfg)
                  0000c44c    00000254     main.oer4f (.text:MmwDemo_eventCallbackFxn)
                  0000c6a0    00000240     objectdetection.oer4f (.text:DPC_ObjDet_rangeConfig)
                  0000c8e0    0000023c     mmw_lvds_stream.oer4f (.text:MmwDemo_LVDSStreamHwConfig)
                  0000cb1c    0000022c     libcbuff_xwr68xx.aer4f : cbuff_lvds.oer4f (.text:CBUFF_openLVDS)
                  0000cd48    0000022c     librangeproc_hwa_xwr68xx.aer4f : rangeprochwa.oer4f (.text:rangeProcHWA_ConfigHWA)
                  0000cf74    0000000c     libmmwave_xwr68xx.aer4f : mmwave_dualcore.oer4f (.text:MMWave_deviceMailboxCallbackFxn)
                  0000cf80    00000228     sysbios.aer4ft : BIOS.obj (.text:ti_sysbios_heaps_HeapMem_allocUnprotected__E)
                  0000d1a8    00000224     data_path.oer4f (.text:MmwDemo_checkEdmaErrors)
                  0000d3cc    00000004     libaoa2dproc_hwa_xwr68xx.aer4f : aoa2dprochwa.oer4f (.text:DPU_AoAProcHWA_getNumHwaParamSets)
                  0000d3d0    00000224     sysbios.aer4ft : BIOS.obj (.text:ti_sysbios_timers_rti_Timer_Module_startup__E)
                  0000d5f4    00000214     libuart_xwr68xx.aer4f : uartsci.oer4f (.text:UartSci_open)
                  0000d808    0000020a     libcbuff_xwr68xx.aer4f : cbuff_transfer.oer4f (.text:CBUFF_addLinkedList)
                  0000da12    00000002     mmw_per4ft.oer4ft (.text:xdc_runtime_Startup_reset__I)
                  0000da14    00000204     libcli_xwr68xx.aer4f : cli_mmwave.oer4f (.text:CLI_MMWaveChirpCfg)
                  0000dc18    00000204     libcrc_xwr68xx.aer4f : crc.oer4f (.text:CRC_open)
                  0000de1c    00000204     objectdetection.oer4f (.text:DPC_ObjDet_preStartConfig)
                  0000e020    00000204     sysbios.aer4ft : BIOS.obj (.text:ti_sysbios_knl_Task_sleep__E)
                  0000e224    0000000c     libmmwave_xwr68xx.aer4f : mmwave_osal.oer4f (.text:MMWave_osalMutexUnlock)
                  0000e230    00000200     sysbios.aer4ft : BIOS.obj (.text:ti_sysbios_knl_Task_Instance_init__E)
                  0000e430    000001fa     libaoa2dproc_hwa_xwr68xx.aer4f : aoa2dprochwa.oer4f (.text:AoAProcHWA_config_azimuthHeatMap_HWA)
                  0000e62a    00000002     --HOLE-- [fill = 0]
                  0000e62c    000001f0     libdma_xwr68xx.aer4f : dma.oer4f (.text:DMA_setChannelParams)
                  0000e81c    000001ef     libedma_xwr68xx.aer4f : edma.oer4f (.text:EDMA_paramConfig_assist)
                  0000ea0b    00000001     --HOLE-- [fill = 0]
                  0000ea0c    000001ee     libaoa2dproc_hwa_xwr68xx.aer4f : aoa2dprochwa.oer4f (.text:AoAProcHWA_peakGrouping)
                  0000ebfa    00000002     --HOLE-- [fill = 0]
                  0000ebfc    000001e4     rtsv7R4_T_le_v3D16_eabi.lib : strtod.obj (.text)
                  0000ede0    000001e4                                 : strtoll.obj (.text)
                  0000efc4    000001dc     libaoa2dproc_hwa_xwr68xx.aer4f : aoa2dprochwa.oer4f (.text:DPU_AoAProcHWA_config)
                  0000f1a0    000001d8                                    : aoa2dprochwa.oer4f (.text:AoAProcHWA_XYZestimationAoA2D)
                  0000f378    000001d4     libcbuff_xwr68xx.aer4f : cbuff_edma.oer4f (.text:CBUFF_configEDMA)
                  0000f54c    000001d0     libmmwave_xwr68xx.aer4f : mmwave_link.oer4f (.text:MMWave_openLink)
                  0000f71c    00000004     libedma_xwr68xx.aer4f : edma.oer4f (.text:EDMA_getNumInstances)
                  0000f720    000001cc     sysbios.aer4ft : BIOS.obj (.text:ti_sysbios_family_arm_v7r_vim_Hwi_dispatchIRQC__I)
                  0000f8ec    000001c8     libcbuff_xwr68xx.aer4f : cbuff_lvds.oer4f (.text:CBUFF_initLVDS)
                  0000fab4    000001c8     libmmwavelink_xwr68xx.aer4f : rl_driver.oer4f (.text:rlDriverRxHdrRead)
                  0000fc7c    000001c8     rtsv7R4_T_le_v3D16_eabi.lib : fopen.obj (.text)
                  0000fe44    000001c4     libedma_xwr68xx.aer4f : edma.oer4f (.text:EDMA_open)
                  00010008    000001b4                           : edma.oer4f (.text:EDMA_configChannel)
                  000101bc    000001b0     libmmwavelink_xwr68xx.aer4f : rl_driver.oer4f (.text:rlDriverMsgRead)
                  0001036c    000001a4     libcbuff_xwr68xx.aer4f : cbuff.oer4f (.text:CBUFF_activateSession)
                  00010510    000001a4     libcli_xwr68xx.aer4f : cli_mmwave.oer4f (.text:CLI_MMWaveSubFrameCfg)
                  000106b4    000001a4     objectdetection.oer4f (.text:DPC_ObjectDetection_init)
                  00010858    000001a4     libmmwave_xwr68xx.aer4f : mmwave_dualcore.oer4f (.text:MMWave_serializeCfg)
                  000109fc    00000004     libosal_xwr68xx.aer4f : HwiP_tirtos.oer4f (.text:HwiP_disableInterrupt)
                  00010a00    0000019c     sysbios.aer4ft : BIOS.obj (.text:xdc_runtime_Error_policyDefault__E)
                  00010b9c    00000190     libmmwavelink_xwr68xx.aer4f : rl_driver.oer4f (.text:rlDriverCmdInvoke)
                  00010d2c    0000018c     libstaticclutterproc_xwr68xx.aer4f : staticclutterproc.oer4f (.text:DPU_StaticClutterProc_process)
                  00010eb8    00000188     libcfarcaproc_hwa_xwr68xx.aer4f : cfarcaprochwa.oer4f (.text:DPU_CFARCAProcHWA_process)
                  00011040    00000188     libhwa_xwr68xx.aer4f : hwa.oer4f (.text:HWA_open)
                  000111c8    00000188     mmw_cli.oer4f (.text:MmwDemo_CLIConfigDataPort)
                  00011350    00000184     sysbios.aer4ft : BIOS.obj (.text:xdc_runtime_LoggerBuf_write8__E)
                  000114d4    00000180     libdpm_xwr68xx.aer4f : dpm_core.oer4f (.text:DPM_init)
                  00011654    00000180                          : dpm_msg.oer4f (.text:DPM_msgRecv)
                  000117d4    0000017c     main.oer4f (.text:main)
                  00011950    00000170     libgpio_xwr68xx.aer4f : gpio.oer4f (.text:GPIO_setConfig)
                  00011ac0    0000016c     sysbios.aer4ft : BIOS.obj (.text:ti_sysbios_knl_Semaphore_post__E)
                  00011c2c    0000016a     libaoa2dproc_hwa_xwr68xx.aer4f : aoa2dprochwa.oer4f (.text:AoAProcHWA_config_azimuthHeatMap_EDMA)
                  00011d96    0000000a     libadcbuf_xwr68xx.aer4f : ADCBuf.oer4f (.text:ADCBuf_control)
                  00011da0    00000168     sysbios.aer4ft : BIOS.obj (.text:ti_sysbios_family_arm_exc_Exception_excHandler__I)
                  00011f08    00000164     mmw_lvds_stream.oer4f (.text:MmwDemo_LVDSStreamInit)
                  0001206c    00000164     rtsv7R4_T_le_v3D16_eabi.lib : strtoull.obj (.text)
                  000121d0    00000160     libqspi_xwr68xx.aer4f : qspi.oer4f (.text:QSPI_open)
                  00012330    00000160     sysbios.aer4ft : BIOS.obj (.text:ti_sysbios_family_arm_v7r_vim_Hwi_reconfig__E)
                  00012490    00000158                    : BIOS.obj (.text:ti_sysbios_knl_Task_postInit__I)
                  000125e8    0000014c     libcli_xwr68xx.aer4f : cli_mmwave.oer4f (.text:CLI_MMWaveFrameCfg)
                  00012734    0000014c                          : cli.oer4f (.text:CLI_task)
                  00012880    0000014c     libmmwave_xwr68xx.aer4f : mmwave_link.oer4f (.text:MMWave_initMMWaveLink)
                  000129cc    0000014c     main.oer4f (.text:MmwDemo_startSensor)
                  00012b18    0000014a     libuart_xwr68xx.aer4f : uartsci.oer4f (.text:UartSci_ISR)
                  00012c62    00000148     libstaticclutterproc_xwr68xx.aer4f : staticclutterproc.oer4f (.text:DPU_StaticClutterProc_configEdma)
                  00012daa    00000002     --HOLE-- [fill = 0]
                  00012dac    00000148     libhsiheader_xwr68xx.aer4f : hsiheader.oer4f (.text:HSIHeader_init)
                  00012ef4    00000148     libmmwavelink_xwr68xx.aer4f : rl_driver.oer4f (.text:rlDriverCmdSendRetry)
                  0001303c    00000146     mmw_cli.oer4f (.text:MmwDemo_CLICalibDcRangeSig)
                  00013182    00000002     --HOLE-- [fill = 0]
                  00013184    00000144     objectdetection.oer4f (.text:DPC_ObjDet_dopplerConfig)
                  000132c8    00000008     libaoa2dproc_hwa_xwr68xx.aer4f : aoa2dprochwa.oer4f (.text:AOAProcHWADoneIsrCallback)
                  000132d0    00000140     sysbios.aer4ft : BIOS.obj (.text:ti_sysbios_heaps_HeapMem_Instance_init__E)
                  00013410    00000140                    : BIOS.obj (.text:xdc_runtime_Core_createObject__I)
                  00013550    0000013c     mmw_lvds_stream.oer4f (.text:MmwDemo_LVDSStreamDeleteHwSession)
                  0001368c    00000004     libosal_xwr68xx.aer4f : HwiP_tirtos.oer4f (.text:HwiP_enableInterrupt)
                  00013690    0000013c     sysbios.aer4ft : BIOS.obj (.text:ti_sysbios_knl_Clock_workFunc__E)
                  000137cc    00000138     rtsv7R4_T_le_v3D16_eabi.lib : fputs.obj (.text)
                  00013904    00000134     libadcbuf_xwr68xx.aer4f : adcbuf_mmwave.oer4f (.text:ADCBUF_MMWave_open)
                  00013a38    00000134     libcfarcaproc_hwa_xwr68xx.aer4f : cfarcaprochwa.oer4f (.text:CFARHWA_cfarRange_AND_cfarDoppler)
                  00013b6c    00000134                                     : cfarcaprochwa.oer4f (.text:DPU_CFARCAProcHWA_config)
                  00013ca0    00000134     main.oer4f (.text:MmwDemo_platformInit)
                  00013dd4    0000000c     libmmwave_xwr68xx.aer4f : mmwave_osal.oer4f (.text:MMWave_osalSemSignal)
                  00013de0    00000134     sysbios.aer4ft : BIOS.obj (.text:xdc_runtime_Startup_startMods__I)
                  00013f14    00000130     libaoa2dproc_hwa_xwr68xx.aer4f : aoa2dprochwa.oer4f (.text:AoAProcHWA_PrepareRangeAzimuthHeatmap)
                  00014044    00000130     mmw_lvds_stream.oer4f (.text:MmwDemo_LVDSStreamDeleteSwSession)
                  00014174    00000130     rtsv7R4_T_le_v3D16_eabi.lib : strtol.obj (.text)
                  000142a4    0000012c     libcfarcaproc_hwa_xwr68xx.aer4f : cfarcaprochwa.oer4f (.text:HWAutil_configCFAR)
                  000143d0    0000012c     librangeproc_hwa_xwr68xx.aer4f : rangeprochwa.oer4f (.text:rangeProcHWA_ConfigEDMADummyThreeLinks)
                  000144fc    0000012a     libaoa2dproc_hwa_xwr68xx.aer4f : aoa2dprochwa.oer4f (.text:AoAProc_configLUT)
                  00014626    00000002     --HOLE-- [fill = 0]
                  00014628    00000128     main.oer4f (.text:MmwDemo_MMWave_stop)
                  00014750    00000128     libmathutils.aer4f : mathutils.oer4f (.text:mathUtils_genWindow)
                  00014878    00000008     libcfarcaproc_hwa_xwr68xx.aer4f : cfarcaprochwa.oer4f (.text:CFARCAHWADoneIsrCallback)
                  00014880    00000128     sysbios.aer4ft : BIOS.obj (.text:ti_sysbios_utils_Load_updateThreadContexts__E)
                  000149a8    00000124     libcli_xwr68xx.aer4f : cli_mmwave.oer4f (.text:CLI_MMWaveAdvFrameCfg)
                  00014acc    00000124                          : cli_mmwave.oer4f (.text:CLI_MMWaveContModeCfg)
                  00014bf0    00000124     objectdetection.oer4f (.text:DPC_ObjDet_CFARCAconfig)
                  00014d14    00000124     libedma_xwr68xx.aer4f : edma.oer4f (.text:EDMA_init)
                  00014e38    00000124     data_path.oer4f (.text:MmwDemo_edmaOpen)
                  00014f5c    00000124     main.oer4f (.text:MmwDemo_stopSensor)
                  00015080    00000120     sysbios.aer4ft : BIOS.obj (.text:xdc_runtime_LoggerBuf_write4__E)
                  000151a0    0000011c     mmw_cli.oer4f (.text:MmwDemo_CLILvdsStreamCfg)
                  000152bc    00000118     libedma_xwr68xx.aer4f : edma.oer4f (.text:EDMA_transferComplete_isr)
                  000153d4    0000000c     libuart_xwr68xx.aer4f : UART.oer4f (.text:UART_Params_init)
                  000153e0    00000118     sysbios.aer4ft : BIOS.obj (.text:ti_sysbios_family_arm_v7r_vim_Hwi_Instance_init__E)
                  000154f8    00000114     libedma_xwr68xx.aer4f : edma.oer4f (.text:EDMA_configErrorMonitoring)
                  0001560c    00000114     main.oer4f (.text:MmwDemo_dataPathStart)
                  00015720    00000110     main.oer4f (.text:MmwDemo_calibInit)
                  00015830    00000110     rtsv7R4_T_le_v3D16_eabi.lib : strtoul.obj (.text)
                  00015940    0000010c     libdpedma_hwa_xwr68xx.aer4f : dpedma.oer4f (.text:DPEDMA_configSyncAB)
                  00015a4c    0000010c     libdpm_xwr68xx.aer4f : dpm_msg.oer4f (.text:DPM_msgResultHandler)
                  00015b58    0000010c     libmmwave_xwr68xx.aer4f : mmwave_link.oer4f (.text:MMWave_asyncEventHandler)
                  00015c64    0000010c                             : mmwave_dualcore.oer4f (.text:MMWave_deviceInitFxn)
                  00015d70    0000010c     sysbios.aer4ft : BIOS.obj (.text:ti_sysbios_knl_Task_schedule__I)
                  00015e7c    00000004     libmmwave_xwr68xx.aer4f : mmwave_link.oer4f (.text:MMWave_disableDevice)
                  00015e80    0000010c     sysbios.aer4ft : BIOS.obj (.text:xdc_runtime_Core_constructObject__I)
                  00015f8c    00000108     libdma_xwr68xx.aer4f : dma.oer4f (.text:DMA_disableInterrupt)
                  00016094    00000108     libmailbox_xwr68xx.aer4f : mailbox.oer4f (.text:Mailbox_write)
                  0001619c    00000108     mmw_cli.oer4f (.text:MmwDemo_CLICfarCfg)
                  000162a4    00000104     libcbuff_xwr68xx.aer4f : cbuff.oer4f (.text:CBUFF_deinit)
                  000163a8    00000104     libdpedma_hwa_xwr68xx.aer4f : dpedma.oer4f (.text:DPEDMA_configSyncA_singleFrame)
                  000164ac    00000104     libmmwave_xwr68xx.aer4f : mmwave_link.oer4f (.text:MMWave_startLink)
                  000165b0    00000104     mmw_cli.oer4f (.text:MmwDemo_CLIChirpQualityRxSatMonCfg)
                  000166b4    00000104     mmw_cli.oer4f (.text:MmwDemo_CLICompRangeBiasAndRxChanPhaseCfg)
                  000167b8    00000008     objectdetection.oer4f (.text:DPC_ObjDet_MemPoolReset)
                  000167c0    00000104     sysbios.aer4ft : BIOS.obj (.text:ti_sysbios_timers_rti_Timer_getFreq__E)
                  000168c4    00000100     libcli_xwr68xx.aer4f : cli_mmwave.oer4f (.text:CLI_MMWaveBPMCfgAdvanced)
                  000169c4    00000100     libdma_xwr68xx.aer4f : dma.oer4f (.text:DMA_clearChannelInterruptFlag)
                  00016ac4    00000100     libmmwavelink_xwr68xx.aer4f : rl_driver.oer4f (.text:rlDriverInit)
                  00016bc4    000000fc     libcbuff_xwr68xx.aer4f : cbuff.oer4f (.text:CBUFF_deleteSession)
                  00016cc0    000000fc     libcrc_xwr68xx.aer4f : crc.oer4f (.text:CRC_computeSignature)
                  00016dbc    000000fc     mmw_cli.oer4f (.text:MmwDemo_CLIADCBufCfg)
                  00016eb8    00000008     libdopplerproc_hwa_xwr68xx.aer4f : dopplerprochwa.oer4f (.text:DPU_DopplerProcHWA_edmaDoneIsrCallback)
                  00016ec0    000000fc     sysbios.aer4ft : BIOS.obj (.text:ti_sysbios_knl_Task_exit__E)
                  00016fbc    000000f8     mmw_lvds_stream.oer4f (.text:MmwDemo_configLVDSHwData)
                  000170b4    000000f8     libmmwavelink_xwr68xx.aer4f : rl_driver.oer4f (.text:rlDriverRdVerifyMsg)
                  000171ac    000000f8     mmw_per4ft.oer4ft (.text:xdc_runtime_System_printfExtend__I)
                  000172a4    000000f4     mmw_cli.oer4f (.text:MmwDemo_CLICalibDataSaveRestore)
                  00017398    00000008     libdopplerproc_hwa_xwr68xx.aer4f : dopplerprochwa.oer4f (.text:DPU_DopplerProcHWA_hwaDoneIsrCallback)
                  000173a0    000000f0     sysbios.aer4ft : BIOS.obj (.text:ti_sysbios_family_arm_v7r_vim_Hwi_Module_startup__E)
                  00017490    000000f0                    : BIOS.obj (.text:ti_sysbios_knl_Task_startCore__E)
                  00017580    000000f0                    : BIOS.obj (.text:ti_sysbios_utils_Load_taskCreateHook__E)
                  00017670    000000ec     libaoa2dproc_hwa_xwr68xx.aer4f : aoa2dprochwa.oer4f (.text:DPU_AoAProcHWA_init)
                  0001775c    000000ec     rtsv7R4_T_le_v3D16_eabi.lib : s_scalbn.obj (.text)
                  00017848    00000008     libosal_xwr68xx.aer4f : HwiP_tirtos.oer4f (.text:HwiP_disable)
                  00017850    000000ec     sysbios.aer4ft : BIOS.obj (.text:ti_sysbios_heaps_HeapBuf_Module_startup__E)
                  0001793c    000000ea     libdpedma_hwa_xwr68xx.aer4f : dpedmahwa.oer4f (.text:DPEDMAHWA_configTwoHotSignature)
                  00017a26    00000002     --HOLE-- [fill = 0]
                  00017a28    000000e8     libdopplerproc_hwa_xwr68xx.aer4f : dopplerprochwa.oer4f (.text:DPU_DopplerProcHWA_process)
                  00017b10    000000e8     mmw_cli.oer4f (.text:MmwDemo_CLIChirpQualitySigImgMonCfg)
                  00017bf8    000000e8     libmmwavelink_xwr68xx.aer4f : rl_sensor.oer4f (.text:rlRfCalibDataStore)
                  00017ce0    000000e8                                 : rl_sensor.oer4f (.text:rlRfPhShiftCalibDataStore)
                  00017dc8    000000e6     main.oer4f (.text:MmwDemo_setSubFramePendingState)
                  00017eae    00000002     --HOLE-- [fill = 0]
                  00017eb0    000000e4     libmmwavelink_xwr68xx.aer4f : rl_sensor.oer4f (.text:rlRfPhShiftCalibDataRestore)
                  00017f94    000000e0     libcli_xwr68xx.aer4f : cli.oer4f (.text:CLI_open)
                  00018074    000000e0     libdma_xwr68xx.aer4f : dma.oer4f (.text:DMA_enableInterrupt)
                  00018154    000000e0     libcfarcaproc_hwa_xwr68xx.aer4f : cfarcaprochwa.oer4f (.text:DPU_CFARCAProcHWA_control)
                  00018234    000000e0     rtsv7R4_T_le_v3D16_eabi.lib : s_floor.obj (.text)
                  00018314    000000dc     libmmwave_xwr68xx.aer4f : mmwave.oer4f (.text:MMWave_init)
                  000183f0    000000dc     libmmwavelink_xwr68xx.aer4f : rl_driver.oer4f (.text:rlDriverMsgCmdReply)
                  000184cc    000000dc     rtsv7R4_T_le_v3D16_eabi.lib : setvbuf.obj (.text)
                  000185a8    000000d4     libdopplerproc_hwa_xwr68xx.aer4f : dopplerprochwa.oer4f (.text:DPU_DopplerProcHWA_init)
                  0001867c    000000d4     libmailbox_xwr68xx.aer4f : mailbox.oer4f (.text:Mailbox_read)
                  00018750    000000d4     librangeproc_hwa_xwr68xx.aer4f : rangeprochwa.oer4f (.text:rangeProcHWA_ConfigEDMA_DataIn)
                  00018824    000000d4     libmmwavelink_xwr68xx.aer4f : rl_sensor.oer4f (.text:rlSetMultiBpmChirpConfig)
                  000188f8    00000008     libmmwave_xwr68xx.aer4f : mmwave.oer4f (.text:MMWave_decodeErrorLevel)
                  00018900    000000d4     sysbios.aer4ft : BIOS.obj (.text:ti_sysbios_utils_Load_logLoads__I)
                  000189d4    000000d1     objectdetection.oer4f (.text:DPC_ObjectDetection_frameStart)
                  00018aa5    00000003     --HOLE-- [fill = 0]
                  00018aa8    000000d0     librangeproc_hwa_xwr68xx.aer4f : rangeprochwa.oer4f (.text:DPU_RangeProcHWA_control)
                  00018b78    000000d0     libsoc_xwr68xx.aer4f : soc_xwr68xx_mss.oer4f (.text:SOC_controlSecureFirewall)
                  00018c48    000000d0     sysbios.aer4ft : exc_Exception_asm.obj (.text:ti_sysbios_family_arm_exc_Exception_excHandlerAsm__I)
                  00018d18    00000008     libmmwave_xwr68xx.aer4f : mmwave_link.oer4f (.text:MMWave_mboxCallbackFxn)
                  00018d20    000000d0     sysbios.aer4ft : BIOS.obj (.text:ti_sysbios_utils_Load_idleFxn__E)
                  00018df0    000000d0                    : BIOS.obj (.text:xdc_runtime_LoggerBuf_Instance_init__E)
                  00018ec0    000000cc     objectdetection.oer4f (.text:DPC_ObjDet_staticClutterConfig)
                  00018f8c    000000cc     libhwa_xwr68xx.aer4f : hwa.oer4f (.text:HWA_enableParamSetInterrupt)
                  00019058    000000cc     libmmwavelink_xwr68xx.aer4f : rl_sensor.oer4f (.text:rlRfCalibDataRestore)
                  00019124    000000cc                                 : rl_sensor.oer4f (.text:rlSetChirpConfig)
                  000191f0    000000cc     rtsv7R4_T_le_v3D16_eabi.lib : fflush.obj (.text)
                  000192bc    000000cc                                 : sscanf.obj (.text)
                  00019388    00000008     libosal_xwr68xx.aer4f : MemoryP_tirtos.oer4f (.text:MemoryP_getStats)
                  00019390    000000cc     sysbios.aer4ft : BIOS.obj (.text:ti_sysbios_knl_Task_checkStacks__E)
                  0001945c    000000ca     libdpedma_hwa_xwr68xx.aer4f : dpedmahwa.oer4f (.text:DPEDMAHWA_configOneHotSignature)
                  00019526    00000002     --HOLE-- [fill = 0]
                  00019528    000000c8     libmmwave_xwr68xx.aer4f : mmwave_fullcfg.oer4f (.text:MMWave_addChirp)
                  000195f0    000000c8                             : mmwave_link.oer4f (.text:MMWave_configBPM)
                  000196b8    000000c8                             : mmwave_fullcfg.oer4f (.text:MMWave_flushCfg)
                  00019780    000000c8                             : mmwave_fullcfg.oer4f (.text:MMWave_getChirpHandle)
                  00019848    000000c8     libsoc_xwr68xx.aer4f : soc_xwr68xx.oer4f (.text:SOC_ungateClock)
                  00019910    000000c8     libmmwavelink_xwr68xx.aer4f : rl_sensor.oer4f (.text:rlSetFrameConfig)
                  000199d8    000000c4     libaoa2dproc_hwa_xwr68xx.aer4f : aoa2dprochwa.oer4f (.text:AoAProcHWA_SelectMaxPeaks)
                  00019a9c    000000c4     libcbuff_xwr68xx.aer4f : cbuff_transfer.oer4f (.text:CBUFF_setupNonInterleaved_CP_ADC_CQ)
                  00019b60    000000c4     libdpm_xwr68xx.aer4f : dpm_core.oer4f (.text:DPM_deinit)
                  00019c24    000000c4                          : dpm_core.oer4f (.text:DPM_ioctl)
                  00019ce8    00000008     data_path.oer4f (.text:MmwDemo_dataPathObjInit)
                  00019cf0    000000c4     sysbios.aer4ft : BIOS.obj (.text:ti_sysbios_family_arm_v7a_Pmu_configureCounter__E)
                  00019db4    000000c0     objectdetection.oer4f (.text:DPC_ObjectDetection_start)
                  00019e74    000000c0     librangeproc_hwa_xwr68xx.aer4f : rangeprochwa.oer4f (.text:DPU_RangeProcHWA_init)
                  00019f34    000000c0     mmw_cli.oer4f (.text:MmwDemo_CLIAnalogMonitorCfg)
                  00019ff4    000000c0     libmmwavelink_xwr68xx.aer4f : rl_driver.oer4f (.text:rlDriverMsgWrite)
                  0001a0b4    0000000c     libuart_xwr68xx.aer4f : uartsci_dma.oer4f (.text:UartSci_isDMAEnabled)
                  0001a0c0    000000c0     sysbios.aer4ft : BIOS.obj (.text:ti_sysbios_timers_rti_Timer_startup__E)
                  0001a180    000000bc     libcli_xwr68xx.aer4f : cli.oer4f (.text:CLI_help)
                  0001a23c    000000bc     libgpio_xwr68xx.aer4f : gpio.oer4f (.text:GPIO_write)
                  0001a2f8    000000bc     libmmwave_xwr68xx.aer4f : mmwave_link.oer4f (.text:MMWave_computeCRC)
                  0001a3b4    000000bc     mmw_lvds_stream.oer4f (.text:MmwDemo_LVDSStream_EDMAInit)
                  0001a470    000000bc     rtsv7R4_T_le_v3D16_eabi.lib : open.obj (.text)
                  0001a52c    000000b8     libcbuff_xwr68xx.aer4f : cbuff.oer4f (.text:CBUFF_ISR)
                  0001a5e4    000000b8                            : cbuff_transfer.oer4f (.text:CBUFF_setupTransfer)
                  0001a69c    000000b8     libdma_xwr68xx.aer4f : dma.oer4f (.text:DMA_getChannelInterruptFlag)
                  0001a754    000000b8     rtsv7R4_T_le_v3D16_eabi.lib : k_cos.obj (.text)
                  0001a80c    000000b6     libsoc_xwr68xx.aer4f : soc_mpu.o (.text)
                  0001a8c2    00000002     --HOLE-- [fill = 0]
                  0001a8c4    000000b4     libedma_xwr68xx.aer4f : edma.oer4f (.text:EDMA_startTransfer)
                  0001a978    00000008     libosal_xwr68xx.aer4f : SemaphoreP_tirtos.oer4f (.text:SemaphoreP_Params_init)
                  0001a980    000000b4     sysbios.aer4ft : BIOS.obj (.text:ti_sysbios_gates_GateMutex_enter__E)
                  0001aa34    0000000c                    : arm_IntrinsicsSupport_asm.obj (.text:_ti_sysbios_family_arm_IntrinsicsSupport_maxbitA)
                  0001aa40    000000b4                    : BIOS.obj (.text:xdc_runtime_LoggerBuf_setFilterLevel__E)
                  0001aaf4    000000b2     libuart_xwr68xx.aer4f : uartsci_dma.oer4f (.text:UartSci_openDMA)
                  0001aba6    00000002     --HOLE-- [fill = 0]
                  0001aba8    000000b0     libcbuff_xwr68xx.aer4f : cbuff.oer4f (.text:CBUFF_deactivateSession)
                  0001ac58    000000b0     libmmwave_xwr68xx.aer4f : mmwave_fullcfg.oer4f (.text:MMWave_addProfile)
                  0001ad08    000000b0     libmmwavelink_xwr68xx.aer4f : rl_sensor.oer4f (.text:rlSetProfileConfig)
                  0001adb8    00000008     librangeproc_hwa_xwr68xx.aer4f : rangeprochwa.oer4f (.text:rangeProcHWADoneIsrCallback)
                  0001adc0    000000b0     sysbios.aer4ft : BIOS.obj (.text:ti_sysbios_utils_Load_updateLoads__E)
                  0001ae70    000000b0                    : BIOS.obj (.text:xdc_runtime_Text_putMod__E)
                  0001af20    000000ae     mmwdemo_adcconfig.oer4f (.text:MmwDemo_ADCBufConfig)
                  0001afce    000000ae     rtsv7R4_T_le_v3D16_eabi.lib : _io_perm.obj (.text)
                  0001b07c    000000ac     libaoa2dproc_hwa_xwr68xx.aer4f : aoa2dprochwa.oer4f (.text:AoAProcHWA_ConvertFov)
                  0001b128    000000ac                                    : aoa2dprochwa.oer4f (.text:AoAProcHWA_rxChanPhaseBiasCompensation)
                  0001b1d4    000000ac     libesm_xwr68xx.aer4f : esm.oer4f (.text:ESM_processInterrupt)
                  0001b280    000000ac     main.oer4f (.text:MmwDemo_isAllCfgInPendingState)
                  0001b32c    00000004     libmmwave_xwr68xx.aer4f : mmwave_link.oer4f (.text:MMWave_enableDevice)
                  0001b330    000000ac     sysbios.aer4ft : BIOS.obj (.text:ti_sysbios_knl_Task_Module_startup__E)
                  0001b3dc    00000004     libmmwave_xwr68xx.aer4f : mmwave_listlib.oer4f (.text:MMWave_listGetHead)
                  0001b3e0    000000ac     sysbios.aer4ft : BIOS.obj (.text:ti_sysbios_utils_Load_startup__E)
                  0001b48c    000000a8     libadcbuf_xwr68xx.aer4f : adcbuf_mmwave.oer4f (.text:ADCBUF_MMWave_getChanBufAddr)
                  0001b534    000000a8     libcli_xwr68xx.aer4f : cli_mmwave.oer4f (.text:CLI_MMWaveExtensionHelp)
                  0001b5dc    000000a8     libedma_xwr68xx.aer4f : edma_low_level.oer4f (.text:EDMA3Init)
                  0001b684    000000a8     libmmwave_xwr68xx.aer4f : mmwave_link.oer4f (.text:MMWave_configureProfileChirp)
                  0001b72c    000000a8                             : mmwave_fullcfg.oer4f (.text:MMWave_getBpmChirpHandle)
                  0001b7d4    000000a8     libpinmux_xwr68xx.aer4f : pinmux.oer4f (.text:Pinmux_Set_OverrideCtrl)
                  0001b87c    000000a8     libsoc_xwr68xx.aer4f : soc.oer4f (.text:SOC_deregisterSysIntListener)
                  0001b924    000000a8     libmmwavelink_xwr68xx.aer4f : rl_driver.oer4f (.text:rlDriverWaitForResponse)
                  0001b9cc    000000a8                                 : rl_sensor.oer4f (.text:rlSetAdvFrameConfig)
                  0001ba74    000000a4     libdma_xwr68xx.aer4f : dma.oer4f (.text:DMA_assignChannel)
                  0001bb18    000000a4     libesm_xwr68xx.aer4f : esm.oer4f (.text:ESM_init)
                  0001bbbc    000000a4     libmmwave_xwr68xx.aer4f : mmwave_fullcfg.oer4f (.text:MMWave_addBpmChirp)
                  0001bc60    000000a4                             : mmwave.oer4f (.text:MMWave_start)
                  0001bd04    000000a4     libqspiflash_xwr68xx.aer4f : qspiflash.oer4f (.text:QSPIFlash_mmapWrite)
                  0001bda8    000000a4     libsoc_xwr68xx.aer4f : soc_xwr68xx_mss.oer4f (.text:SOC_unhaltDSS)
                  0001be4c    000000a4     rtsv7R4_T_le_v3D16_eabi.lib : k_sin.obj (.text)
                  0001bef0    000000a3     data_path.oer4f (.text:MmwDemo_edmaInit)
                  0001bf93    00000001     --HOLE-- [fill = 0]
                  0001bf94    0000000c     rtsv7R4_T_le_v3D16_eabi.lib : copy_zero_init.obj (.text:decompress:ZI)
                  0001bfa0    000000a2     sysbios.aer4ft : BIOS.obj (.text:xdc_runtime_Text_putSite__E)
                  0001c042    00000002     --HOLE-- [fill = 0]
                  0001c044    000000a0     libqspiflash_xwr68xx.aer4f : qspiflash.oer4f (.text:QSPIFlash_configMmapRead)
                  0001c0e4    000000a0                                : qspiflash_device_macronix.oer4f (.text:QSPIFlash_macronix_progQuadRead)
                  0001c184    000000a0     libsoc_xwr68xx.aer4f : soc.oer4f (.text:SOC_registerSysIntListener)
                  0001c224    000000a0     auto_init.aer4ft : auto_init.oer4ft (.text)
                  0001c2c4    0000000c     libmmwavelink_xwr68xx.aer4f : rl_driver.oer4f (.text:rlDriverGetPlatformId)
                  0001c2d0    000000a0     sysbios.aer4ft : BIOS.obj (.text:ti_sysbios_knl_Task_blockI__E)
                  0001c370    0000009c     libmmwave_xwr68xx.aer4f : mmwave_link.oer4f (.text:MMWave_configLink)
                  0001c40c    0000009c                             : mmwave_fullcfg.oer4f (.text:MMWave_getProfileHandle)
                  0001c4a8    0000009c     mmw_cli.oer4f (.text:MmwDemo_CLIMeasureRangeBiasAndRxChanPhaseCfg)
                  0001c544    0000009c     libqspiflash_xwr68xx.aer4f : qspiflash_device_spansion.oer4f (.text:QSPIFlash_spansion_progQuadRead)
                  0001c5e0    0000009c     libuart_xwr68xx.aer4f : uartsci.oer4f (.text:UartSci_write)
                  0001c67c    0000009c     rtsv7R4_T_le_v3D16_eabi.lib : memcpy_t2.obj (.text)
                  0001c718    00000008     libmmwavelink_xwr68xx.aer4f : rl_driver.oer4f (.text:rlDriverConstructOutMsg)
                  0001c720    0000009c     sysbios.aer4ft : BIOS.obj (.text:ti_sysbios_family_arm_v7r_vim_Hwi_initIntController__I)
                  0001c7bc    00000004     libmmwave_xwr68xx.aer4f : mmwave_listlib.oer4f (.text:MMWave_listGetNext)
                  0001c7c0    0000009c     sysbios.aer4ft : BIOS.obj (.text:ti_sysbios_family_arm_v7r_vim_Hwi_mapChannel__I)
                  0001c85c    00000004     libmmwave_xwr68xx.aer4f : mmwave_link.oer4f (.text:MMWave_mboxClose)
                  0001c860    0000009c     sysbios.aer4ft : BIOS.obj (.text:ti_sysbios_knl_Semaphore_Instance_init__E)
                  0001c8fc    0000009a     libdpm_xwr68xx.aer4f : dpm_msg.oer4f (.text:DPM_msgResponseHandler)
                  0001c996    00000002     --HOLE-- [fill = 0]
                  0001c998    00000098     libaoa2dproc_hwa_xwr68xx.aer4f : aoa2dprochwa.oer4f (.text:DPU_AoAProcHWA_control)
                  0001ca30    00000098     libedma_xwr68xx.aer4f : edma.oer4f (.text:EDMA_configParamSet)
                  0001cac8    00000098     libmmwave_xwr68xx.aer4f : mmwave_fullcfg.oer4f (.text:MMWave_getChirpCfg)
                  0001cb60    00000098     mmwdemo_rfparser.oer4f (.text:MmwDemo_RFParser_parseConfig)
                  0001cbf8    00000098     main.oer4f (.text:MmwDemo_isAllCfgInNonPendingState)
                  0001cc90    00000098     rtsv7R4_T_le_v3D16_eabi.lib : fclose.obj (.text)
                  0001cd28    00000098                                 : fputc.obj (.text)
                  0001cdc0    00000098     sysbios.aer4ft : vim_Hwi_asm_switch.obj (.text)
                  0001ce58    00000008     libmmwavelink_xwr68xx.aer4f : rl_driver.oer4f (.text:rlDriverGetHandle)
                  0001ce60    00000098     sysbios.aer4ft : BIOS.obj (.text:ti_sysbios_utils_Load_taskDeleteHook__E)
                  0001cef8    00000096     libedma_xwr68xx.aer4f : edma.oer4f (.text:EDMA_getErrorStatusInfo)
                  0001cf8e    00000096     libhwa_xwr68xx.aer4f : hwa.oer4f (.text:HWA_configRam)
                  0001d024    00000096     libuart_xwr68xx.aer4f : uartsci.oer4f (.text:UartSci_readChar)
                  0001d0ba    00000094     libcbuff_xwr68xx.aer4f : cbuff_transfer.oer4f (.text:CBUFF_setupNonInterleaved_ADC)
                  0001d14e    00000002     --HOLE-- [fill = 0]
                  0001d150    00000094     mmw_lvds_stream.oer4f (.text:MmwDemo_LVDSStream_EDMAAllocateCBUFFHwChannel)
                  0001d1e4    00000094     libsoc_xwr68xx.aer4f : soc_xwr68xx.oer4f (.text:SOC_gateClock)
                  0001d278    00000094     libmmwavelink_xwr68xx.aer4f : rl_driver.oer4f (.text:rlDriverDeInit)
                  0001d30c    00000094                                 : rl_driver.oer4f (.text:rlDriverMsgReadCmdCtx)
                  0001d3a0    00000094                                 : rl_driver.oer4f (.text:rlDriverProcRdMsg)
                  0001d434    00000094     sysbios.aer4ft : vim_Hwi_asm.obj (.text:ti_sysbios_family_arm_v7r_vim_Hwi_dispatchIRQ__I)
                  0001d4c8    00000090     libgpio_xwr68xx.aer4f : gpio.oer4f (.text:GPIO_init)
                  0001d558    00000090     libmailbox_xwr68xx.aer4f : mailbox.oer4f (.text:Mailbox_close)
                  0001d5e8    00000090     libuart_xwr68xx.aer4f : uartsci_dma.oer4f (.text:UartSci_initiateTxDMA)
                  0001d678    00000090                           : uartsci.oer4f (.text:UartSci_read)
                  0001d708    00000008     sysbios.aer4ft : BIOS.obj (.text:ti_sysbios_family_arm_v7a_Pmu_getEnabled__E)
                  0001d710    00000090                    : BIOS.obj (.text:ti_sysbios_family_arm_v7a_Pmu_startCounter__E)
                  0001d7a0    00000090                    : BIOS.obj (.text:ti_sysbios_knl_Task_unblockI__E)
                  0001d830    00000090                    : BIOS.obj (.text:xdc_runtime_LoggerBuf_getFilterLevel__E)
                  0001d8c0    0000008c     libcli_xwr68xx.aer4f : cli_mmwave.oer4f (.text:CLI_MMWaveDataOutputMode)
                  0001d94c    0000008c     libdma_xwr68xx.aer4f : dma.oer4f (.text:DMA_deleteInstance)
                  0001d9d8    0000008c     libsoc_xwr68xx.aer4f : soc.oer4f (.text:SOC_init)
                  0001da64    0000008c                          : soc_xwr68xx.oer4f (.text:SOC_translateAddress)
                  0001daf0    0000008c     libuart_xwr68xx.aer4f : uartsci_dma.oer4f (.text:UartSci_initiateRxDMA)
                  0001db7c    0000008c     libmmwavelink_xwr68xx.aer4f : rl_device.oer4f (.text:rlDevicePowerOn)
                  0001dc08    0000008c                                 : rl_driver.oer4f (.text:rlDriverMsgReadSpawnCtx)
                  0001dc94    0000000c     sysbios.aer4ft : BIOS.obj (.text:ti_sysbios_family_arm_v7a_Pmu_configureCounterI__I)
                  0001dca0    0000008c                    : BIOS.obj (.text:ti_sysbios_family_arm_v7a_Pmu_getCount__E)
                  0001dd2c    00000004     libmmwave_xwr68xx.aer4f : mmwave_link.oer4f (.text:MMWave_mboxRead)
                  0001dd30    0000008c     sysbios.aer4ft : BIOS.obj (.text:ti_sysbios_family_arm_v7r_vim_Hwi_Instance_finalize__E)
                  0001ddbc    00000004     libmmwave_xwr68xx.aer4f : mmwave_link.oer4f (.text:MMWave_registerInterruptHandler)
                  0001ddc0    0000008c     sysbios.aer4ft : BIOS.obj (.text:xdc_runtime_Memory_alloc__E)
                  0001de4c    00000088     libhwa_xwr68xx.aer4f : hwa.oer4f (.text:HWA_disableParamSetInterrupt)
                  0001ded4    00000088     libmmwave_xwr68xx.aer4f : mmwave_fullcfg.oer4f (.text:MMWave_getProfileCfg)
                  0001df5c    00000088     rtsv7R4_T_le_v3D16_eabi.lib : vsnprintf.obj (.text)
                  0001dfe4    00000086     libaoa2dproc_hwa_xwr68xx.aer4f : aoa2dprochwa.oer4f (.text:AoAProcHWA_cfgAndTrigger_EDMA_2DFFT)
                  0001e06a    00000002     --HOLE-- [fill = 0]
                  0001e06c    00000086     libcbuff_xwr68xx.aer4f : cbuff_edma.oer4f (.text:CBUFF_closeEDMA)
                  0001e0f2    00000002     --HOLE-- [fill = 0]
                  0001e0f4    00000084     libcfarcaproc_hwa_xwr68xx.aer4f : cfarcaprochwa.oer4f (.text:DPU_CFARCAProcHWA_init)
                  0001e178    00000084     libmmwave_xwr68xx.aer4f : mmwave_dualcore.oer4f (.text:MMWave_deviceCfgAsyncEvent)
                  0001e1fc    00000084                             : mmwave_dualcore.oer4f (.text:MMWave_deviceEventFxn)
                  0001e280    00000084                             : mmwave_fullcfg.oer4f (.text:MMWave_getNumBpmChirp)
                  0001e304    00000084                             : mmwave.oer4f (.text:MMWave_open)
                  0001e388    00000084     main.oer4f (.text:MmwDemo_configSensor)
                  0001e40c    00000082     libhwa_xwr68xx.aer4f : hwa.oer4f (.text:HWA_paramDoneISR)
                  0001e48e    00000002     --HOLE-- [fill = 0]
                  0001e490    00000081     libcbuff_xwr68xx.aer4f : cbuff_edma.oer4f (.text:CBUFF_setupEDMAShadowLink)
                  0001e511    00000003     --HOLE-- [fill = 0]
                  0001e514    00000080     libcli_xwr68xx.aer4f : cli_mmwave.oer4f (.text:CLI_MMWaveChannelCfg)
                  0001e594    00000080     libdpm_xwr68xx.aer4f : dpm_mailbox.oer4f (.text:DPM_mboxRemoteMailboxCallbackFxn)
                  0001e614    00000080     libmmwave_xwr68xx.aer4f : mmwave_fullcfg.oer4f (.text:MMWave_getBpmChirpCfg)
                  0001e694    00000080     mmw_cli.oer4f (.text:MmwDemo_CLIAoAFovCfg)
                  0001e714    00000080     libsoc_xwr68xx.aer4f : soc.oer4f (.text:SOC_getDeviceRFFreqScaleFactor)
                  0001e794    00000080     libuart_xwr68xx.aer4f : uartsci.oer4f (.text:UartSci_writePolling)
                  0001e814    00000080     libmmwavelink_xwr68xx.aer4f : rl_driver.oer4f (.text:rlDriverExecuteGetApi)
                  0001e894    0000000c     sysbios.aer4ft : BIOS.obj (.text:ti_sysbios_family_arm_v7a_Pmu_getCountI__E)
                  0001e8a0    00000080                    : BIOS.obj (.text:ti_sysbios_timers_rti_Timer_initDevice__I)
                  0001e920    0000007e     objectdetection.oer4f (.text:DPC_ObjDet_GetRxChPhaseComp)
                  0001e99e    00000002     --HOLE-- [fill = 0]
                  0001e9a0    0000007e     libosal_xwr68xx.aer4f : HwiP_tirtos.oer4f (.text:HwiP_create)
                  0001ea1e    00000002     --HOLE-- [fill = 0]
                  0001ea20    0000007d     libcbuff_xwr68xx.aer4f : cbuff_lvds.oer4f (.text:CBUFF_initLVDSLinkListParams)
                  0001ea9d    00000003     --HOLE-- [fill = 0]
                  0001eaa0    0000007c     libdpm_xwr68xx.aer4f : dpm_pipe.oer4f (.text:DPM_pipeSend)
                  0001eb1c    0000007c     libedma_xwr68xx.aer4f : edma.oer4f (.text:EDMA_clearErrors)
                  0001eb98    0000007c                           : edma.oer4f (.text:EDMA_isTransferComplete)
                  0001ec14    0000007c     libmmwave_xwr68xx.aer4f : mmwave_dualcore.oer4f (.text:MMWave_deviceOpenFxn)
                  0001ec90    0000007c     libmailbox_xwr68xx.aer4f : mailbox.oer4f (.text:Mailbox_init)
                  0001ed0c    0000007c     libuart_xwr68xx.aer4f : uartsci.oer4f (.text:UartSci_readPolling)
                  0001ed88    0000007c     sysbios.aer4ft : arm_TaskSupport_asm.obj (.text:_ti_sysbios_family_arm_TaskSupport_buildTaskStack)
                  0001ee04    0000000c     mmw_per4ft.oer4ft (.text:ti_sysbios_knl_Queue_Object__get__S)
                  0001ee10    0000007c     sysbios.aer4ft : BIOS.obj (.text:xdc_runtime_Core_deleteObject__I)
                  0001ee8c    0000007b     mmw_cli.oer4f (.text:MmwDemo_CLIGetSubframe)
                  0001ef07    00000001     --HOLE-- [fill = 0]
                  0001ef08    0000007a     rtsv7R4_T_le_v3D16_eabi.lib : memset_t2.obj (.text)
                  0001ef82    00000002     --HOLE-- [fill = 0]
                  0001ef84    00000078     libadcbuf_xwr68xx.aer4f : adcbuf_mmwave.oer4f (.text:ADCBUF_MMWave_getCQBufAddr)
                  0001effc    00000078     libcbuff_xwr68xx.aer4f : cbuff_transfer.oer4f (.text:CBUFF_configUserBufferEDMA)
                  0001f074    00000078                            : cbuff.oer4f (.text:CBUFF_setVC)
                  0001f0ec    00000078     libcli_xwr68xx.aer4f : cli_mmwave.oer4f (.text:CLI_MMWaveADCCfg)
                  0001f164    00000078     libmmwave_xwr68xx.aer4f : mmwave_fullcfg.oer4f (.text:MMWave_getNumChirps)
                  0001f1dc    00000078     libqspiflash_xwr68xx.aer4f : qspiflash.oer4f (.text:QSPIFlash_mmapRead)
                  0001f254    00000078                                : qspiflash.oer4f (.text:QSPIFlash_sectorErase)
                  0001f2cc    00000078     libqspi_xwr68xx.aer4f : qspi.oer4f (.text:QSPI_cfgRead)
                  0001f344    00000077                           : qspi.oer4f (.text:QSPI_memAccessCfg)
                  0001f3bb    00000001     --HOLE-- [fill = 0]
                  0001f3bc    00000074     objectdetection.oer4f (.text:DPC_ObjDet_reconfigSubFrame)
                  0001f430    00000074     libmmwave_xwr68xx.aer4f : mmwave.oer4f (.text:MMWave_config)
                  0001f4a4    00000074                             : mmwave_dualcore.oer4f (.text:MMWave_deviceStartFxn)
                  0001f518    00000074     boot.aer4ft : boot.oer4ft (.text)
                  0001f58c    00000074     libmmwavelink_xwr68xx.aer4f : rl_driver.oer4f (.text:rlDriverAsyncEventHandler)
                  0001f600    00000074     rtsv7R4_T_le_v3D16_eabi.lib : getdevice.obj (.text)
                  0001f674    00000074                                 : s_frexp.obj (.text)
                  0001f6e8    00000073     data_path.oer4f (.text:MmwDemo_hwaOpen)
                  0001f75b    00000001     --HOLE-- [fill = 0]
                  0001f75c    00000072     libcfarcaproc_hwa_xwr68xx.aer4f : cfarcaprochwa.oer4f (.text:CFARHWA_saveConfiguration)
                  0001f7ce    00000072     libmmwavelink_xwr68xx.aer4f : rl_driver.oer4f (.text:rlDriverClientCbCheck)
                  0001f840    00000070     libhsiheader_xwr68xx.aer4f : hsiheader.oer4f (.text:HSIHeader_deleteHeader)
                  0001f8b0    00000070     libhwa_xwr68xx.aer4f : hwa.oer4f (.text:HWA_getDriverAccess)
                  0001f920    00000070     libmmwave_xwr68xx.aer4f : mmwave_dualcore.oer4f (.text:MMWave_deviceCfgFxn)
                  0001f990    00000070     mmw_cli.oer4f (.text:MmwDemo_CLIGuiMonSel)
                  0001fa00    00000070     mmwdemo_flash.oer4f (.text:mmwDemo_flashInit)
                  0001fa70    00000070     rtsv7R4_T_le_v3D16_eabi.lib : printf.obj (.text)
                  0001fae0    00000070     sysbios.aer4ft : BIOS.obj (.text:xdc_runtime_Error_print__E)
                  0001fb50    0000006f     objectdetection.oer4f (.text:DPC_ObjectDetection_stop)
                  0001fbbf    00000001     --HOLE-- [fill = 0]
                  0001fbc0    0000006e     libcfarcaproc_hwa_xwr68xx.aer4f : cfarcaprochwa.oer4f (.text:CFARCAHWA_config_EDMA)
                  0001fc2e    00000002     --HOLE-- [fill = 0]
                  0001fc30    0000006e     libdma_xwr68xx.aer4f : dma.oer4f (.text:DMA_btcISR)
                  0001fc9e    00000002     --HOLE-- [fill = 0]
                  0001fca0    0000006c                          : dma.oer4f (.text:DMA_disableChannel)
                  0001fd0c    0000006c                          : dma.oer4f (.text:DMA_enableChannel)
                  0001fd78    0000006c     libmmwave_xwr68xx.aer4f : mmwave_link.oer4f (.text:MMWave_spawn)
                  0001fde4    0000006c                             : mmwave_link.oer4f (.text:MMWave_stopLink)
                  0001fe50    0000006c     mmw_lvds_stream.oer4f (.text:MmwDemo_LVDSStream_EDMAFreeCBUFFHwChannel)
                  0001febc    0000006c     mmw_lvds_stream.oer4f (.text:MmwDemo_LVDSStream_HwTriggerFrameDone)
                  0001ff28    0000006c     libpinmux_xwr68xx.aer4f : pinmux.oer4f (.text:Pinmux_Set_FuncSel)
                  0001ff94    0000006c     libqspiflash_xwr68xx.aer4f : qspiflash.oer4f (.text:QSPIFlashReadSFDP)
                  00020000    0000006c     libqspi_xwr68xx.aer4f : qspi.oer4f (.text:QSPI_cfgWrite)
                  0002006c    0000006c     rtsv7R4_T_le_v3D16_eabi.lib : copy_decompress_lzss.obj (.text:decompress:lzss)
                  000200d8    0000006c                                 : trgmsg.obj (.text)
                  00020144    0000006a     libdma_xwr68xx.aer4f : dma.oer4f (.text:DMA_berISR)
                  000201ae    00000002     --HOLE-- [fill = 0]
                  000201b0    0000006a                          : dma.oer4f (.text:DMA_ftcISR)
                  0002021a    00000002     --HOLE-- [fill = 0]
                  0002021c    0000006a                          : dma.oer4f (.text:DMA_hbcISR)
                  00020286    00000002     --HOLE-- [fill = 0]
                  00020288    0000006a                          : dma.oer4f (.text:DMA_lfsISR)
                  000202f2    0000006a     libuart_xwr68xx.aer4f : uartsci.oer4f (.text:UartSci_control)
                  0002035c    00000068     objectdetection.oer4f (.text:DPC_ObjectDetection_deinit)
                  000203c4    00000068     libdpm_xwr68xx.aer4f : dpm_msg.oer4f (.text:DPM_msgDPCCfgHandler)
                  0002042c    00000068     libmmwave_xwr68xx.aer4f : mmwave_dualcore.oer4f (.text:MMWave_deviceStopFxn)
                  00020494    00000068     libmailbox_xwr68xx.aer4f : mailbox.oer4f (.text:Mailbox_readFlush)
                  000204fc    00000068     main.oer4f (.text:MmwDemo_convertCfarToLinear)
                  00020564    00000068     librangeproc_hwa_xwr68xx.aer4f : rangeprochwa.oer4f (.text:rangeProcHWA_ConfigEDMATranspose)
                  000205cc    00000068                                    : rangeprochwa.oer4f (.text:rangeProcHWA_ConfigHWACommon)
                  00020634    00000068     libmmwavelink_xwr68xx.aer4f : rl_driver.oer4f (.text:rlDriverExecuteSetApi)
                  0002069c    00000068                                 : rl_driver.oer4f (.text:rlDriverHostIrqHandler)
                  00020704    00000068     rtsv7R4_T_le_v3D16_eabi.lib : hostlseek.obj (.text)
                  0002076c    00000068                                 : hostrename.obj (.text)
                  000207d4    00000067     main.oer4f (.text:MmwDemo_mssSetHsiClk)
                  0002083b    00000001     --HOLE-- [fill = 0]
                  0002083c    00000066     libmmwavelink_xwr68xx.aer4f : rl_device.oer4f (.text:rlDevicePowerOff)
                  000208a2    00000002     --HOLE-- [fill = 0]
                  000208a4    00000064     libcli_xwr68xx.aer4f : cli_mmwave.oer4f (.text:CLI_MMWaveLowPowerCfg)
                  00020908    00000064     libedma_xwr68xx.aer4f : edma.oer4f (.text:EDMA_getTransferControllerErrorStatusInfo)
                  0002096c    00000064                           : edma.oer4f (.text:EDMA_startDmaTransfer)
                  000209d0    00000064     libhwa_xwr68xx.aer4f : hwa.oer4f (.text:HWA_getDMAChanIndex)
                  00020a34    00000064     libosal_xwr68xx.aer4f : SemaphoreP_tirtos.oer4f (.text:SemaphoreP_create)
                  00020a98    00000064     rtsv7R4_T_le_v3D16_eabi.lib : fseek.obj (.text)
                  00020afc    00000064                                 : sprintf.obj (.text)
                  00020b60    00000064     sysbios.aer4ft : exc_Exception_asm.obj (.text:ti_sysbios_family_arm_exc_Exception_initCore0__I)
                  00020bc4    0000000a     libadcbuf_xwr68xx.aer4f : ADCBuf.oer4f (.text:ADCBuf_getChanBufAddr)
                  00020bce    00000002     --HOLE-- [fill = 0]
                  00020bd0    00000064     sysbios.aer4ft : BIOS.obj (.text:ti_sysbios_family_arm_v7r_vim_Hwi_phantomIntHandler__I)
                  00020c34    0000000a     libcbuff_xwr68xx.aer4f : cbuff_lvds.oer4f (.text:CBUFF_deinitLVDS)
                  00020c3e    00000002     --HOLE-- [fill = 0]
                  00020c40    00000064     sysbios.aer4ft : BIOS.obj (.text:ti_sysbios_knl_Clock_logTick__E)
                  00020ca4    0000000a     objectdetection.oer4f (.text:DPC_ObjDet_GetRangeWinGenLen)
                  00020cae    00000002     --HOLE-- [fill = 0]
                  00020cb0    00000064     sysbios.aer4ft : BIOS.obj (.text:ti_sysbios_utils_Load_logCPULoad__I)
                  00020d14    0000000a     libdpm_xwr68xx.aer4f : dpm_core.oer4f (.text:DPM_chirpISR)
                  00020d1e    00000002     --HOLE-- [fill = 0]
                  00020d20    00000064     sysbios.aer4ft : BIOS.obj (.text:xdc_runtime_Startup_exec__E)
                  00020d84    00000062     mmw_cli.oer4f (.text:MmwDemo_CLICfarFovCfg)
                  00020de6    00000002     --HOLE-- [fill = 0]
                  00020de8    00000060     libcli_xwr68xx.aer4f : cli_mmwave.oer4f (.text:CLI_MMWaveExtensionHandler)
                  00020e48    00000060     libosal_xwr68xx.aer4f : DebugP_tirtos.oer4f (.text:DebugP_log2)
                  00020ea8    00000060                           : DebugP_tirtos.oer4f (.text:DebugP_log3)
                  00020f08    00000008     mmw_per4ft.oer4ft (.text:xdc_runtime_Text_visitRope__I)
                  00020f10    00000060     sysbios.aer4ft : BIOS.obj (.text:ti_sysbios_heaps_HeapMem_alloc__E)
                  00020f70    00000060                    : BIOS.obj (.text:xdc_runtime_Assert_raise__I)
                  00020fd0    0000005f                    : BIOS.obj (.text:xdc_runtime_Text_putLab__E)
                  0002102f    00000001     --HOLE-- [fill = 0]
                  00021030    0000005e     libuart_xwr68xx.aer4f : uartsci.oer4f (.text:UartSci_writeChar)
                  0002108e    00000002     --HOLE-- [fill = 0]
                  00021090    0000005c     libcfarcaproc_hwa_xwr68xx.aer4f : cfarcaprochwa.oer4f (.text:CFARHWA_fovConvertDoppler)
                  000210ec    0000005c                                     : cfarcaprochwa.oer4f (.text:CFARHWA_prepareHwaRunTime)
                  00021148    0000005c     libmmwave_xwr68xx.aer4f : mmwave_link.oer4f (.text:MMWave_mboxOpen)
                  000211a4    0000005c                             : mmwave.oer4f (.text:MMWave_stop)
                  00021200    0000005c     libqspiflash_xwr68xx.aer4f : qspiflash.oer4f (.text:QSPIFlashGetDeviceID)
                  0002125c    0000005c     libsoc_xwr68xx.aer4f : soc.oer4f (.text:SOC_enableLVDS)
                  000212b8    0000005c     rtsv7R4_T_le_v3D16_eabi.lib : hostopen.obj (.text)
                  00021314    0000005c                                 : hostread.obj (.text)
                  00021370    0000005c     sysbios.aer4ft : BIOS.obj (.text:ti_sysbios_utils_Load_updateCurrentThreadTime__E)
                  000213cc    0000005a     libuart_xwr68xx.aer4f : uartsci.oer4f (.text:UartSci_readCancel)
                  00021426    0000005a     libmmwavelink_xwr68xx.aer4f : rl_driver.oer4f (.text:rlDriverCalChkSum)
                  00021480    00000058     libdpm_xwr68xx.aer4f : dpm_core.oer4f (.text:DPM_execute)
                  000214d8    00000058                          : dpm_mailbox.oer4f (.text:DPM_mboxInit)
                  00021530    00000058     libosal_xwr68xx.aer4f : DebugP_tirtos.oer4f (.text:DebugP_log0)
                  00021588    00000058                           : DebugP_tirtos.oer4f (.text:DebugP_log1)
                  000215e0    00000058     libedma_xwr68xx.aer4f : edma_low_level.oer4f (.text:EDMA3EnableChInShadowReg)
                  00021638    00000058     libesm_xwr68xx.aer4f : esm.oer4f (.text:ESM_highpriority_FIQ)
                  00021690    00000058     libhwa_xwr68xx.aer4f : hwa.oer4f (.text:HWA_getDMAconfig)
                  000216e8    00000058     libmmwave_xwr68xx.aer4f : mmwave.oer4f (.text:MMWave_execute)
                  00021740    00000058                             : mmwave_link.oer4f (.text:MMWave_initCRC)
                  00021798    00000058     mmw_cli.oer4f (.text:MmwDemo_CLISensorStop)
                  000217f0    00000058     main.oer4f (.text:MmwDemo_mmWaveCtrlTask)
                  00021848    00000058     libqspiflash_xwr68xx.aer4f : qspiflash.oer4f (.text:QSPIFlash_configMmapWrite)
                  000218a0    00000058     libuart_xwr68xx.aer4f : uartsci_dma.oer4f (.text:UartSci_closeDMA)
                  000218f8    00000058     mmwdemo_flash.oer4f (.text:mmwDemo_flashRead)
                  00021950    00000058     rtsv7R4_T_le_v3D16_eabi.lib : close.obj (.text)
                  000219a8    00000058                                 : hostwrite.obj (.text)
                  00021a00    00000056     libaoa2dproc_hwa_xwr68xx.aer4f : aoa2dprochwa.oer4f (.text:AoAProcHWA_config_HWA_common)
                  00021a56    00000056     libmmwavelink_xwr68xx.aer4f : rl_driver.oer4f (.text:rlDriverOsiCbCheck)
                  00021aac    00000054     libcrc_xwr68xx.aer4f : crc.oer4f (.text:CRC_getTransactionId)
                  00021b00    00000054     libdma_xwr68xx.aer4f : dma.oer4f (.text:DMA_freeChannel)
                  00021b54    00000054     libedma_xwr68xx.aer4f : edma.oer4f (.text:EDMA_error_isr)
                  00021ba8    00000054     libmmwave_xwr68xx.aer4f : mmwave_link.oer4f (.text:MMWave_initLink)
                  00021bfc    00000054     main.oer4f (.text:MmwDemo_CfgUpdate)
                  00021c50    00000054     libqspiflash_xwr68xx.aer4f : qspiflash.oer4f (.text:QSPIFlash_writeEnable)
                  00021ca4    00000054     rtsv7R4_T_le_v3D16_eabi.lib : ltoa.obj (.text)
                  00021cf8    00000054     mmw_per4ft.oer4ft (.text:ti_sysbios_family_arm_v7r_vim_Hwi_create)
                  00021d4c    00000004     libmmwave_xwr68xx.aer4f : mmwave_link.oer4f (.text:MMWave_unmaskHostIRQ)
                  00021d50    00000054     sysbios.aer4ft : BIOS.obj (.text:ti_sysbios_heaps_HeapMem_getStats__E)
                  00021da4    0000000a     libdpm_xwr68xx.aer4f : dpm_core.oer4f (.text:DPM_frameStartISR)
                  00021dae    00000002     --HOLE-- [fill = 0]
                  00021db0    00000054     sysbios.aer4ft : BIOS.obj (.text:xdc_runtime_Core_assignLabel__I)
                  00021e04    00000052     libdpedma_hwa_xwr68xx.aer4f : dpedma.oer4f (.text:DPEDMA_setup_shadow_link)
                  00021e56    00000002     --HOLE-- [fill = 0]
                  00021e58    00000050     libcrc_xwr68xx.aer4f : crc.oer4f (.text:CRC_getSignature)
                  00021ea8    00000050     libedma_xwr68xx.aer4f : edma_low_level.oer4f (.text:EDMA3MapChToEvtQ)
                  00021ef8    00000050     libmmwave_xwr68xx.aer4f : mmwave.oer4f (.text:MMWave_sync)
                  00021f48    00000050     mmw_cli.oer4f (.text:MmwDemo_CLIMultiObjBeamForming)
                  00021f98    00000050     mmw_cli.oer4f (.text:MmwDemo_CLIQueryDemoStatus)
                  00021fe8    00000050     libmmwavelink_xwr68xx.aer4f : rl_driver.oer4f (.text:rlDeviceIdentifyCmdDir)
                  00022038    00000050                                 : rl_driver.oer4f (.text:rlDriverVerifyCRC)
                  00022088    00000050     rtsv7R4_T_le_v3D16_eabi.lib : atoi.obj (.text)
                  000220d8    00000050                                 : exit.obj (.text)
                  00022128    00000050                                 : u_div32.obj (.text)
                  00022178    00000006     libosal_xwr68xx.aer4f : CycleprofilerP_tirtos.oer4f (.text:CycleprofilerP_getTimeStamp)
                  0002217e    00000002     --HOLE-- [fill = 0]
                  00022180    00000050     sysbios.aer4ft : BIOS.obj (.text:xdc_runtime_System_exit__E)
                  000221d0    0000004c     libaoa2dproc_hwa_xwr68xx.aer4f : aoa2dprochwa.oer4f (.text:AoAProcHWA_findSinglePeak)
                  0002221c    0000004c     libcli_xwr68xx.aer4f : cli.oer4f (.text:CLI_write)
                  00022268    0000004c     libstaticclutterproc_xwr68xx.aer4f : staticclutterproc.oer4f (.text:DPU_StaticClutterProc_config)
                  000222b4    0000004c     libedma_xwr68xx.aer4f : edma.oer4f (.text:EDMA_disableChannel)
                  00022300    0000004c                           : edma.oer4f (.text:EDMA_enableChannel)
                  0002234c    0000004c     libhwa_xwr68xx.aer4f : hwa.oer4f (.text:HWA_enableDoneInterrupt)
                  00022398    0000004c     libmailbox_xwr68xx.aer4f : mailbox.oer4f (.text:Mailbox_boxEmptyISRProcessing)
                  000223e4    0000004c     libqspiflash_xwr68xx.aer4f : qspiflash_device_macronix.oer4f (.text:QSPIFlash_macronix_init)
                  00022430    0000004c     libuart_xwr68xx.aer4f : uartsci.oer4f (.text:UartSci_writeCancel)
                  0002247c    0000004c     rtsv7R4_T_le_v3D16_eabi.lib : cpy_tbl.obj (.text)
                  000224c8    00000006     libdpm_xwr68xx.aer4f : dpm_mailbox.oer4f (.text:DPM_mboxSynch)
                  000224ce    00000002     --HOLE-- [fill = 0]
                  000224d0    0000004c     sysbios.aer4ft : BIOS.obj (.text:ti_sysbios_family_arm_v7r_vim_Hwi_getStackInfo__E)
                  0002251c    0000004c     mmw_per4ft.oer4ft (.text:ti_sysbios_knl_Task_create)
                  00022568    00000006     libedma_xwr68xx.aer4f : edma_low_level.oer4f (.text:EDMA3ClrCCErr)
                  0002256e    00000002     --HOLE-- [fill = 0]
                  00022570    0000004c     sysbios.aer4ft : BIOS.obj (.text:ti_sysbios_knl_Task_stat__E)
                  000225bc    00000004     libmmwave_xwr68xx.aer4f : mmwave_link.oer4f (.text:MMWave_waitIRQStatus)
                  000225c0    0000004c     sysbios.aer4ft : BIOS.obj (.text:ti_sysbios_utils_Load_taskSwitchHook__E)
                  0002260c    0000004a     libdpm_xwr68xx.aer4f : dpm_mailbox.oer4f (.text:DPM_mboxSendResult)
                  00022656    0000004a     libmailbox_xwr68xx.aer4f : mailbox.oer4f (.text:Mailbox_boxFullISRProcessing)
                  000226a0    0000004a     sysbios.aer4ft : BIOS.obj (.text:xdc_runtime_Core_assignParams__I)
                  000226ea    00000006     libedma_xwr68xx.aer4f : edma_low_level.oer4f (.text:EDMA3ErrIntrHighStatusGet)
                  000226f0    0000004a     sysbios.aer4ft : BIOS.obj (.text:xdc_runtime_Text_xprintf__I)
                  0002273a    00000002     --HOLE-- [fill = 0]
                  0002273c    00000049     mmw_lvds_stream.oer4f (.text:MmwDemo_LVDSStream_EDMAAllocateCBUFFChannel)
                  00022785    00000001     --HOLE-- [fill = 0]
                  00022786    00000048     libcbuff_xwr68xx.aer4f : cbuff_transfer.oer4f (.text:CBUFF_setup_USER)
                  000227ce    00000048     libcfarcaproc_hwa_xwr68xx.aer4f : cfarcaprochwa.oer4f (.text:CFARHWA_convHwaCfarDetListToDetMask)
                  00022816    00000048     libdpm_xwr68xx.aer4f : dpm_pipe.oer4f (.text:DPM_pipeRecv)
                  0002285e    00000002     --HOLE-- [fill = 0]
                  00022860    00000048     libhwa_xwr68xx.aer4f : hwa.oer4f (.text:HWA_deleteInstance)
                  000228a8    00000048                          : hwa.oer4f (.text:HWA_readCFARPeakCountReg)
                  000228f0    00000048     main.oer4f (.text:MmwDemo_resetStaticCfgPendingState)
                  00022938    00000048     mmwdemo_flash.oer4f (.text:mmwDemo_flashWrite)
                  00022980    00000048     libmmwavelink_xwr68xx.aer4f : rl_device.oer4f (.text:rlDeviceGetVersion)
                  000229c8    00000048                                 : rl_driver.oer4f (.text:rlDriverOsiInit)
                  00022a10    00000048     mmw_per4ft.oer4ft (.text:xdc_runtime_LoggerBuf_Object__create__S)
                  00022a58    00000046     libmailbox_xwr68xx.aer4f : mailbox.oer4f (.text:CSL_FINSR)
                  00022a9e    00000002     --HOLE-- [fill = 0]
                  00022aa0    00000044     libadcbuf_xwr68xx.aer4f : adcbuf_mmwave.oer4f (.text:ADCBUF_MMWave_close)
                  00022ae4    00000044     libcrc_xwr68xx.aer4f : crc.oer4f (.text:CRC_resetSignature)
                  00022b28    00000044     libdpm_xwr68xx.aer4f : dpm_core.oer4f (.text:DPM_start)
                  00022b6c    00000044                          : dpm_core.oer4f (.text:DPM_stop)
                  00022bb0    00000044     libmailbox_xwr68xx.aer4f : mailbox.oer4f (.text:Mailbox_boxFullISRMssDss)
                  00022bf4    00000044     libsoc_xwr68xx.aer4f : soc_xwr68xx_mss.oer4f (.text:SOC_resetDMA)
                  00022c38    00000044     rtsv7R4_T_le_v3D16_eabi.lib : hostclose.obj (.text)
                  00022c7c    00000044                                 : hostunlink.obj (.text)
                  00022cc0    00000044     sysbios.aer4ft : BIOS.obj (.text:ti_sysbios_family_arm_v7r_tms570_Core_Module_startup__E)
                  00022d04    0000000a     libosal_xwr68xx.aer4f : MemoryP_tirtos.oer4f (.text:MemoryP_ctrlFree)
                  00022d0e    00000002     --HOLE-- [fill = 0]
                  00022d10    00000044     sysbios.aer4ft : BIOS.obj (.text:ti_sysbios_knl_Task_allBlockedFunction__I)
                  00022d54    0000000a     main.oer4f (.text:MmwDemo_resetDynObjDetCfgPendingState)
                  00022d5e    00000002     --HOLE-- [fill = 0]
                  00022d60    00000044     sysbios.aer4ft : BIOS.obj (.text:xdc_runtime_LoggerBuf_Module_startup__E)
                  00022da4    0000000a     libosal_xwr68xx.aer4f : SemaphoreP_tirtos.oer4f (.text:SemaphoreP_post)
                  00022dae    00000002     --HOLE-- [fill = 0]
                  00022db0    00000044     sysbios.aer4ft : BIOS.obj (.text:xdc_runtime_System_atexit__E)
                  00022df4    00000042     libcbuff_xwr68xx.aer4f : cbuff_lvds.oer4f (.text:CBUFF_closeLVDS)
                  00022e36    00000042     libedma_xwr68xx.aer4f : edma.oer4f (.text:EDMA_transferController_error_isr)
                  00022e78    00000042     libhwa_xwr68xx.aer4f : hwa.oer4f (.text:HWA_reset)
                  00022eba    00000042     libmmwave_xwr68xx.aer4f : mmwave_link.oer4f (.text:MMWave_executeLink)
                  00022efc    00000042     libmmwavelink_xwr68xx.aer4f : rl_controller.oer4f (.text:rlGetSubBlock)
                  00022f3e    00000040     objectdetection.oer4f (.text:DPC_ObjDet_GetAntGeometryDef)
                  00022f7e    00000002     --HOLE-- [fill = 0]
                  00022f80    00000040     libedma_xwr68xx.aer4f : edma.oer4f (.text:EDMA_linkParamSets)
                  00022fc0    00000040     libhwa_xwr68xx.aer4f : hwa.oer4f (.text:HWA_getHWAMemInfo)
                  00023000    00000040     mmw_cli.oer4f (.text:MmwDemo_CLIClutterRemoval)
                  00023040    00000040     mmw_cli.oer4f (.text:MmwDemo_CLIExtendedMaxVelocity)
                  00023080    00000040     libqspiflash_xwr68xx.aer4f : qspiflash.oer4f (.text:QSPIFlash_progQuadRead)
                  000230c0    00000040                                : qspiflash_device_spansion.oer4f (.text:QSPIFlash_spansion_init)
                  00023100    00000040     libmmwavelink_xwr68xx.aer4f : rl_driver.oer4f (.text:rlDriverValidateHdr)
                  00023140    00000040     rtsv7R4_T_le_v3D16_eabi.lib : strtok.obj (.text)
                  00023180    00000040     sysbios.aer4ft : BIOS.obj (.text:ti_sysbios_timers_rti_Timer_stop__E)
                  000231c0    0000003e     libadcbuf_xwr68xx.aer4f : adcbuf_mmwave.oer4f (.text:CSL_FINSR)
                  000231fe    0000003e     libcbuff_xwr68xx.aer4f : cbuff.oer4f (.text:CSL_FINSR)
                  0002323c    0000003e                            : cbuff_lvds.oer4f (.text:CSL_FINSR)
                  0002327a    0000003e     libcrc_xwr68xx.aer4f : crc.oer4f (.text:CSL_FINSR)
                  000232b8    0000003e     libdma_xwr68xx.aer4f : dma.oer4f (.text:CSL_FINSR)
                  000232f6    0000003e     libgpio_xwr68xx.aer4f : gpio.oer4f (.text:CSL_FINSR)
                  00023334    0000003e     libhwa_xwr68xx.aer4f : hwa.oer4f (.text:CSL_FINSR)
                  00023372    0000003e     libpinmux_xwr68xx.aer4f : pinmux.oer4f (.text:CSL_FINSR)
                  000233b0    0000003e     libqspi_xwr68xx.aer4f : qspi.oer4f (.text:CSL_FINSR)
                  000233ee    0000003e     libsoc_xwr68xx.aer4f : soc.oer4f (.text:CSL_FINSR)
                  0002342c    0000003e                          : soc_xwr68xx.oer4f (.text:CSL_FINSR)
                  0002346a    0000003e                          : soc_xwr68xx_mss.oer4f (.text:CSL_FINSR)
                  000234a8    0000003e     libuart_xwr68xx.aer4f : uartsci.oer4f (.text:CSL_FINSR)
                  000234e6    0000003e     libdpm_xwr68xx.aer4f : dpm_msg.oer4f (.text:DPM_msgStopHandler)
                  00023524    0000003e     libhwa_xwr68xx.aer4f : hwa.oer4f (.text:HWA_enable)
                  00023562    0000003e     libmmwave_xwr68xx.aer4f : mmwave.oer4f (.text:MMWave_decodeError)
                  000235a0    0000003e     libuart_xwr68xx.aer4f : uartsci.oer4f (.text:UartSci_close)
                  000235de    0000003e     mmwdemo_monitor.oer4f (.text:mmwDemo_cfgAnalogMonitor)
                  0002361c    0000003c     libcbuff_xwr68xx.aer4f : cbuff_transfer.oer4f (.text:CBUFF_configCQEDMA)
                  00023658    0000003c     libcli_xwr68xx.aer4f : cli_mmwave.oer4f (.text:CLI_MMWaveFlushCfg)
                  00023694    0000003c     libedma_xwr68xx.aer4f : edma.oer4f (.text:EDMA_chainChannels)
                  000236d0    0000003c                           : edma.oer4f (.text:EDMA_getErrorStatus)
                  0002370c    0000003c                           : edma.oer4f (.text:EDMA_getTransferControllerErrorStatus)
                  00023748    0000003c     libmailbox_xwr68xx.aer4f : mailbox.oer4f (.text:Mailbox_writeReset)
                  00023784    0000003c     libsoc_xwr68xx.aer4f : soc_xwr68xx_mss.oer4f (.text:SOC_isSecureDevice)
                  000237c0    0000003c                          : soc.oer4f (.text:SOC_unhaltBSS)
                  000237fc    0000003c     sysbios.aer4ft : vim_Hwi_asm.obj (.text:ti_sysbios_family_arm_v7r_vim_Hwi_init__I)
                  00023838    00000006     libedma_xwr68xx.aer4f : edma_low_level.oer4f (.text:EDMA3GetCCErrStatus)
                  0002383e    00000002     --HOLE-- [fill = 0]
                  00023840    0000003c     sysbios.aer4ft : BIOS.obj (.text:ti_sysbios_hal_Hwi_checkStack)
                  0002387c    00000004     data_path.oer4f (.text:MmwDemo_hwaInit)
                  00023880    0000003c     sysbios.aer4ft : BIOS.obj (.text:ti_sysbios_heaps_HeapMem_init__I)
                  000238bc    0000003a     libhwa_xwr68xx.aer4f : hwa.oer4f (.text:HWA_setDMA2ACCManualTrig)
                  000238f6    00000002     --HOLE-- [fill = 0]
                  000238f8    0000003a     libosal_xwr68xx.aer4f : HwiP_tirtos.oer4f (.text:HwiP_delete)
                  00023932    00000038     libcbuff_xwr68xx.aer4f : cbuff_transfer.oer4f (.text:CBUFF_addUserBufferLLEntry)
                  0002396a    00000038                            : cbuff_transfer.oer4f (.text:CBUFF_setupHeader)
                  000239a2    00000002     --HOLE-- [fill = 0]
                  000239a4    00000038     libcli_xwr68xx.aer4f : cli_mmwave.oer4f (.text:CLI_MMWaveExtensionInit)
                  000239dc    00000038     libdpm_xwr68xx.aer4f : dpm_core.oer4f (.text:DPM_notifyExecute)
                  00023a14    00000038     libedma_xwr68xx.aer4f : edma_low_level.oer4f (.text:EDMA3ClrMissEvt)
                  00023a4c    00000038     data_path.oer4f (.text:MmwDemo_EDMA_errorCallbackFxn)
                  00023a84    00000038     data_path.oer4f (.text:MmwDemo_EDMA_transferControllerErrorCallbackFxn)
                  00023abc    00000038     libuart_xwr68xx.aer4f : UART.oer4f (.text:UART_init)
                  00023af4    00000036     libmmwavelink_xwr68xx.aer4f : rl_controller.oer4f (.text:rlAppendSubBlock)
                  00023b2a    00000036     rtsv7R4_T_le_v3D16_eabi.lib : strncpy.obj (.text)
                  00023b60    00000034     libadcbuf_xwr68xx.aer4f : ADCBuf.oer4f (.text:ADCBuf_open)
                  00023b94    00000034     libedma_xwr68xx.aer4f : edma.oer4f (.text:EDMA_configTransferControllerError)
                  00023bc8    00000034     libhwa_xwr68xx.aer4f : hwa.oer4f (.text:HWA_disableDoneInterrupt)
                  00023bfc    00000034     libmmwave_xwr68xx.aer4f : mmwave_link.oer4f (.text:MMWave_mboxWrite)
                  00023c30    00000034     libsoc_xwr68xx.aer4f : soc_xwr68xx.oer4f (.text:SOC_enableHWA)
                  00023c64    00000034                          : soc_xwr68xx_mss.oer4f (.text:SOC_hasDSPCore)
                  00023c98    00000034                          : soc_xwr68xx.oer4f (.text:SOC_setMMWaveDSSLinkState)
                  00023ccc    00000034                          : soc_xwr68xx.oer4f (.text:SOC_setMMWaveMSSLinkState)
                  00023d00    00000034                          : soc_xwr68xx.oer4f (.text:SOC_setMSSLinkState)
                  00023d34    00000034     libuart_xwr68xx.aer4f : UART.oer4f (.text:UART_open)
                  00023d68    00000006     libedma_xwr68xx.aer4f : edma_low_level.oer4f (.text:EDMA3GetErrIntrStatus)
                  00023d6e    00000002     --HOLE-- [fill = 0]
                  00023d70    00000034     sysbios.aer4ft : BIOS.obj (.text:ti_sysbios_family_arm_a15_TimestampProvider_get64__E)
                  00023da4    00000034     mmw_per4ft.oer4ft (.text:ti_sysbios_knl_Semaphore_create)
                  00023dd8    00000032     libcfarcaproc_hwa_xwr68xx.aer4f : cfarcaprochwa.oer4f (.text:CFARHWA_fovConvertRange)
                  00023e0a    00000002     --HOLE-- [fill = 0]
                  00023e0c    00000032     libcrc_xwr68xx.aer4f : crc.oer4f (.text:CRC_getCRCDataSelectBitValue)
                  00023e3e    00000002     --HOLE-- [fill = 0]
                  00023e40    00000032                          : crc.oer4f (.text:CRC_getCRCTypeBitValue)
                  00023e72    00000032     libedma_xwr68xx.aer4f : edma.oer4f (.text:EDMA_configQueueThreshold)
                  00023ea4    00000032     libhwa_xwr68xx.aer4f : hwa.oer4f (.text:HWA_allParamDoneISR)
                  00023ed6    0000000a     libuart_xwr68xx.aer4f : UART.oer4f (.text:UART_close)
                  00023ee0    00000032     sysbios.aer4ft : BIOS.obj (.text:ti_sysbios_hal_Hwi_initStack)
                  00023f12    00000002     --HOLE-- [fill = 0]
                  00023f14    00000030     libadcbuf_xwr68xx.aer4f : ADCBuf.oer4f (.text:ADCBuf_init)
                  00023f44    00000030     libcbuff_xwr68xx.aer4f : cbuff_transfer.oer4f (.text:CBUFF_addCQLLEntry)
[...]
00027274  ti_sysbios_knl_Task_allBlockedFunc__C                                
00027278  ti_sysbios_knl_Task_defaultStackHeap__C                              
0002727c  ti_sysbios_knl_Task_defaultStackSize__C                              
00027280  ti_sysbios_knl_Task_numConstructedTasks__C                           
00027284  ti_sysbios_timers_rti_Timer_E_cannotSupport__C                       
00027288  ti_sysbios_timers_rti_Timer_Module__diagsEnabled__C                  
0002728c  ti_sysbios_timers_rti_Timer_Module__diagsIncluded__C                 
00027290  ti_sysbios_timers_rti_Timer_Module__diagsMask__C                     
00027294  ti_sysbios_timers_rti_Timer_numTimerDevices__C                       
00027298  ti_sysbios_timers_rti_Timer_startupNeeded__C                         
0002729c  ti_sysbios_utils_Load_LS_cpuLoad__C                                  
000272a0  ti_sysbios_utils_Load_LS_taskLoad__C                                 
000272a4  ti_sysbios_utils_Load_Module_State_taskList__O                       
000272a8  ti_sysbios_utils_Load_Module__diagsEnabled__C                        
000272ac  ti_sysbios_utils_Load_Module__diagsIncluded__C                       
000272b0  ti_sysbios_utils_Load_Module__diagsMask__C                           
000272b4  ti_sysbios_utils_Load_Module__loggerFxn1__C                          
000272b8  ti_sysbios_utils_Load_Module__loggerFxn4__C                          
000272bc  ti_sysbios_utils_Load_Module__loggerObj__C                           
000272c0  ti_sysbios_utils_Load_postUpdate__C                                  
000272c4  ti_sysbios_utils_Load_windowInMs__C                                  
000272c8  xdc_runtime_Assert_E_assertFailed__C                                 
000272cc  xdc_runtime_Core_A_initializedParams__C                              
000272d0  xdc_runtime_Core_Module__diagsEnabled__C                             
000272d4  xdc_runtime_Core_Module__diagsIncluded__C                            
000272d8  xdc_runtime_Core_Module__diagsMask__C                                
000272dc  xdc_runtime_Error_E_memory__C                                        
000272e0  xdc_runtime_Error_Module__diagsEnabled__C                            
000272e4  xdc_runtime_Error_Module__diagsIncluded__C                           
000272e8  xdc_runtime_Error_Module__diagsMask__C                               
000272ec  xdc_runtime_Error_Module__loggerFxn8__C                              
000272f0  xdc_runtime_Error_Module__loggerObj__C                               
000272f4  xdc_runtime_Error_policyFxn__C                                       
000272f8  xdc_runtime_Error_policy__C                                          
000272fc  xdc_runtime_Error_raiseHook__C                                       
00027300  xdc_runtime_IFilterLogger_Interface__BASE__C                         
00027304  xdc_runtime_IGateProvider_Interface__BASE__C                         
00027308  xdc_runtime_IHeap_Interface__BASE__C                                 
0002730c  xdc_runtime_ILogger_Interface__BASE__C                               
00027310  xdc_runtime_IModule_Interface__BASE__C                               
00027314  xdc_runtime_Log_L_error__C                                           
00027318  xdc_runtime_LoggerBuf_E_badLevel__C                                  
0002731c  xdc_runtime_LoggerBuf_Module__gateObj__C                             
00027320  xdc_runtime_LoggerBuf_Object__count__C                               
00027324  xdc_runtime_LoggerBuf_statusLogger__C                                
00027328  xdc_runtime_Main_Module__diagsEnabled__C                             
0002732c  xdc_runtime_Main_Module__diagsIncluded__C                            
00027330  xdc_runtime_Main_Module__diagsMask__C                                
00027334  xdc_runtime_Main_Module__loggerFxn1__C                               
00027338  xdc_runtime_Main_Module__loggerFxn2__C                               
0002733c  xdc_runtime_Main_Module__loggerFxn4__C                               
00027340  xdc_runtime_Main_Module__loggerObj__C                                
00027344  xdc_runtime_Memory_defaultHeapInstance__C                            
00027348  xdc_runtime_Startup_execImpl__C                                      
0002734c  xdc_runtime_Startup_maxPasses__C                                     
00027350  xdc_runtime_Startup_sfxnRts__C                                       
00027354  xdc_runtime_Startup_sfxnTab__C                                       
00027358  xdc_runtime_System_Module__gateObj__C                                
0002735c  xdc_runtime_System_abortFxn__C                                       
00027360  xdc_runtime_System_exitFxn__C                                        
00027364  xdc_runtime_System_extendFxn__C                                      
00027368  xdc_runtime_System_maxAtexitHandlers__C                              
0002736c  xdc_runtime_Text_charTab__C                                          
00027370  xdc_runtime_Text_nameEmpty__C                                        
00027374  xdc_runtime_Text_nameStatic__C                                       
00027378  xdc_runtime_Text_nameUnknown__C                                      
0002737c  xdc_runtime_Text_visitRopeFxn__C                                     
00027380  ti_sysbios_family_arm_v7r_tms570_Core_Module__id__C                  
00027382  ti_sysbios_family_arm_v7r_vim_Hwi_Module__id__C                      
00027384  ti_sysbios_family_arm_v7r_vim_Hwi_Module__loggerDefined__C           
00027386  ti_sysbios_gates_GateMutex_Module__id__C                             
00027388  ti_sysbios_hal_Hwi_Module__id__C                                     
0002738a  ti_sysbios_heaps_HeapMem_Module__id__C                               
0002738c  ti_sysbios_knl_Clock_Module__id__C                                   
0002738e  ti_sysbios_knl_Clock_Module__loggerDefined__C                        
00027390  ti_sysbios_knl_Semaphore_Module__id__C                               
00027392  ti_sysbios_knl_Semaphore_Module__loggerDefined__C                    
00027394  ti_sysbios_knl_Task_Module__id__C                                    
00027396  ti_sysbios_knl_Task_Module__loggerDefined__C                         
00027398  ti_sysbios_timers_rti_Timer_Module__id__C                            
0002739a  ti_sysbios_timers_rti_Timer_continueOnSuspend__C                     
0002739c  ti_sysbios_utils_Load_Module__id__C                                  
0002739e  ti_sysbios_utils_Load_Module__loggerDefined__C                       
000273a0  ti_sysbios_utils_Load_autoAddTasks__C                                
000273a2  ti_sysbios_utils_Load_updateInIdle__C                                
000273a4  xdc_runtime_Core_Module__id__C                                       
000273a6  xdc_runtime_Error_Module__loggerDefined__C                           
000273a8  xdc_runtime_Error_maxDepth__C                                        
000273aa  xdc_runtime_LoggerBuf_Module__id__C                                  
000273ac  xdc_runtime_LoggerBuf_filterByLevel__C                               
000273ae  xdc_runtime_Main_Module__id__C                                       
000273b0  xdc_runtime_Main_Module__loggerDefined__C                            
000273b2  xdc_runtime_Memory_Module__id__C                                     
000273b4  xdc_runtime_Text_charCnt__C                                          
000273b6  xdc_runtime_Text_isLoaded__C                                         
000273b8  xdc_runtime_Text_registryModsLastId__C                               
000273ba  xdc_runtime_Text_unnamedModsLastId__C                                
000273c0  __TI_static_base__                                                   
00027928  __TI_Handler_Table_Base                                              
00027934  __TI_Handler_Table_Limit                                             
00027960  __TI_CINIT_Base                                                      
00027990  __TI_CINIT_Limit                                                     
08000000  ti_sysbios_heaps_HeapMem_Instance_State_0_buf__A                     
08010000  gDPC_ObjDetTCM                                                       
0801c400  xdc_runtime_LoggerBuf_Instance_State_0_entryArr__A                   
0801dd00  ti_sysbios_family_arm_exc_Exception_Module_State_0_excStack_0__A     
0801ed00  edmaDbg                                                              
0801f408  ti_sysbios_knl_Task_Instance_State_0_stack__A                        
0801f728  gCLI                                                                 
0801f8d0  gGPIOMCB                                                             
0801fa64  __CIOBUF_                                                            
0801fb84  gMMWave_MCB                                                          
0801fc84  __TI_tmpnams                                                         
0801fd24  gObjDetObj                                                           
0801fd28  gHSIHeaderMCB                                                        
0801fdb8  gEsmMCB                                                              
0801fe28  gMmwDemoFlash                                                        
0801fe34  gDMADriverPtr                                                        
0801fe3c  gMMWave_DualcoreMCB                                                  
0801fe44  parmbuf                                                              
0801fe4c  ti_sysbios_knl_Task_Instance_State_0_hookEnv__A                      
0801fe50  Spihandle                                                            
0801fe54  gRFLdoBypassCfg                                                      
0801fe58  gCalibDataStorage                                                    
080202b8  gMmwMCB                                                              
08020ad0  rl_txMsg                                                             
08020bd0  rl_rxMsg                                                             
08020eb8  gCLI_mmwave_freq_scale_factor                                        
08020ec0  gCLIMMWaveOpenCfg                                                    
08020ee8  gCLIMMWaveExtensionTable                                             
08020f90  gCLIMMWaveControlCfg                                                 
0802105c  partInfoStringArray                                                  
08021220  ti_sysbios_family_arm_v7r_vim_Hwi_Module_State_0_dispatchTable__A    
08021420  _ftable                                                              
08021510  ti_sysbios_utils_Load_Module__state__V                               
080215a8  ti_sysbios_knl_Task_Module_State_0_readyQ__A                         
08021628  _device                                                              
080216a0  gCBUFFHwAttribute                                                    
08021718  gDMAHwCfg                                                            
08021778  ti_sysbios_knl_Task_Object__table__V                                 
080217d4  gUartSciHwCfg                                                        
0802182c  _stream                                                              
0802187c  gMailboxMCB                                                          
080218cc  ti_sysbios_knl_Task_Module__state__V                                 
08021914  SOC_TranslateAddr_LUT                                                
08021954  ti_sysbios_gates_GateMutex_Object__table__V                          
08021994  ti_sysbios_timers_rti_Timer_Object__table__V                         
080219d0  gCBUFFInterfaceFxn                                                   
08021a08  ti_sysbios_family_arm_v7r_vim_Hwi_Module__state__V                   
08021a3c  gHWAHwCfg                                                            
08021a6c  ti_sysbios_family_arm_v7r_vim_Hwi_Object__table__V                   
08021a98  ti_sysbios_knl_Clock_Module__state__V                                
08021ac4  gUartSciFxnTable                                                     
08021aec  UART_config                                                          
08021b10  gDPC_ObjectDetectionCfg                                              
08021b34  ti_sysbios_BIOS_Module__state__V                                     
08021b58  xdc_runtime_LoggerBuf_Object__table__V                               
08021b7c  gAntennaSpacing                                                      
08021b80  gSOCHwAttrib                                                         
08021ba0  ti_sysbios_knl_Clock_Object__table__V                                
08021bc0  xdc_runtime_Error_IgnoreBlock                                        
08021be0  xdc_runtime_System_Module_State_0_atexitHandlers__A                  
08021c00  gAntDef_IWR6843AOP                                                   
08021c1c  ti_sysbios_utils_Load_Module_State_0_taskEnv__A                      
08021c38  ADCBuf_config                                                        
08021c50  gInterleavedTransferFxn                                              
08021c68  gMailboxMssBssHwCfg                                                  
08021c80  gMailboxMssDssHwCfg                                                  
08021c98  gMultipleChirpNonInterleavedTransferFxn                              
08021cb0  gNonInterleavedTransferFxn                                           
08021cc8  ti_sysbios_heaps_HeapMem_Object__table__V                            
08021ce0  ti_sysbios_timers_rti_Timer_Module_State_0_device__A                 
08021cf8  gDPMRemoteTable                                                      
08021d0c  ti_sysbios_family_arm_exc_Exception_Module__state__V                 
08021d20  DMA_defaultParams                                                    
08021d30  gHwaEDMAChanMapping                                                  
08021d40  gQSPIHwCfg                                                           
08021d50  __TI_ft_end                                                          
08021d54  __aeabi_stdin                                                        
08021d58  __aeabi_stdout                                                       
08021d5c  __aeabi_stderr                                                       
08021d60  ti_sysbios_timers_rti_Timer_Module_State_0_intFreqs__A               
08021d70  ti_sysbios_timers_rti_Timer_Module__state__V                         
08021d80  __TI_cleanup_ptr                                                     
08021d84  __TI_dtors_ptr                                                       
08021d88  __TI_enable_exit_profile_output                                      
08021d8c  gESMHwCfgAttrs                                                       
08021d98  ti_sysbios_family_arm_v7a_Pmu_Module__state__V                       
08021da4  ti_sysbios_knl_Task_Module__root__V                                  
08021db0  _lock                                                                
08021db4  _unlock                                                              
08021db8  MmwDemo_RFParserHwCfg                                                
08021dc0  QSPIFlash_deviceFxnTbl_macronix                                      
08021dc8  QSPIFlash_deviceFxnTbl_spansion                                      
08021dd0  gDPMHwAttrib                                                         
08021dd8  gGPIOHwAtrrib                                                        
08021de0  ti_sysbios_family_arm_v7r_vim_Hwi_Module__root__V                    
08021de8  ti_sysbios_gates_GateHwi_Module__root__V                             
08021df0  ti_sysbios_gates_GateMutex_Module__root__V                           
08021df8  ti_sysbios_hal_Hwi_Object__table__V                                  
08021e00  ti_sysbios_heaps_HeapMem_Module__root__V                             
08021e08  ti_sysbios_knl_Queue_Module__root__V                                 
08021e10  ti_sysbios_knl_Semaphore_Module__root__V                             
08021e18  ti_sysbios_timers_rti_Timer_Module_State_0_handles__A                
08021e20  xdc_runtime_LoggerBuf_Module__root__V                                
08021e28  xdc_runtime_Registry_Module__state__V                                
08021e30  xdc_runtime_Startup_Module__state__V                                 
08021e38  xdc_runtime_System_Module__state__V                                  
08021e40  xdc_runtime_LoggerBuf_Module__state__V                               
08021e46  ti_sysbios_family_arm_exc_Exception_Module_State_0_excActive__A      
08021e48  gHWADriverPtr                                                        
08021e4c  gQSPIFlashHwCfg                                                      
08021e54  gCRCRegister                                                         
08021e58  gDPM                                                                 
08021e5c  regionId                                                             
08021e60  gPinmuxRegs                                                          
08021e64  gQSPIDriverPtr                                                       
08021e6c  errno                                                                
08021e78  main_func_sp                                                         
08021e80  ti_sysbios_family_arm_a15_TimestampProvider_Module__state__V         
08021e84  ti_sysbios_family_arm_exc_Exception_Module_State_0_excContext__A     
08021e88  ti_sysbios_family_arm_exc_Exception_Module_State_0_excStackBuffers__A
08021e8c  ti_sysbios_family_arm_exc_Exception_Module_State_0_excStack__A       
08021e90  ti_sysbios_gates_GateHwi_Object__table__V                            
08021e94  ti_sysbios_heaps_HeapBuf_Module__state__V                            
08021e98  ti_sysbios_knl_Task_Module_State_0_idleTask__A                       
08021e9c  ti_sysbios_utils_Load_Module_State_0_runningTask__A                  
08021ea0  ti_sysbios_utils_Load_Module_State_0_taskStartTime__A                
08021ea4  xdc_runtime_Memory_Module__state__V                                  
08021ea8  xdc_runtime_Error_Module__state__V                                   
08021eaa  xdc_runtime_Main_Module__root__V                                     
08021eb0  ti_sysbios_family_arm_v7r_vim_Hwi_Module_State_0_fiqStack__A         
080226b0  __stack                                                              
08022b60  __STACK_END                                                          
51000000  gMmwL3                                                               
fffffdec  ti_sysbios_family_arm_v7r_vim_Hwi_vim                                
ffffffff  __TI_pprof_out_hndl                                                  
ffffffff  __TI_prof_data_size                                                  
ffffffff  __TI_prof_data_start                                                 
ffffffff  __binit__                                                            
ffffffff  __c_args__                                                           
ffffffff  binit                                                                
UNDEFED   SHT$$INIT_ARRAY$$Base                                                
UNDEFED   SHT$$INIT_ARRAY$$Limit                                               
UNDEFED   SPI_Params_init                                                      
UNDEFED   SPI_init                                                             
UNDEFED   SPI_open                                                             
UNDEFED   SPI_transfer                                                         
UNDEFED   gDmaHandle                                                           

[1276 symbols]
